BL51 BANKED LINKER/LOCATER V6.22                                                        07/10/2023  16:22:13  PAGE 1


BL51 BANKED LINKER/LOCATER V6.22, INVOKED BY:
D:\KEIL\C51\BIN\BL51.EXE .\objs\main.obj, .\objs\STARTUP.obj, .\objs\sched.obj, .\objs\sw_iic.obj, .\objs\timer.obj, .\o
>> bjs\power.obj, .\objs\interrupt.obj, .\objs\sw_delay.obj, .\objs\system.obj, .\objs\test_main.obj, .\objs\usb_pd.obj,
>>  .\objs\usbpd_policy.obj, .\objs\usbpd_protocol.obj, .\objs\callback.obj, .\objs\event_tiny.obj, .\objs\event.obj TO 
>> .\objs\..\out_hex\FW DISABLEWARNING (16, 15) RAMSIZE (256) XDATA (0X4000-0X47FF) CODE (0X0000-0X2FFF)


MEMORY MODEL: SMALL


INPUT MODULES INCLUDED:
  .\objs\main.obj (MAIN)
  .\objs\STARTUP.obj (?C_STARTUP)
  .\objs\sched.obj (SCHED)
  .\objs\sw_iic.obj (SW_IIC)
  .\objs\timer.obj (TIMER)
  .\objs\power.obj (POWER)
  .\objs\interrupt.obj (INTERRUPT)
  .\objs\sw_delay.obj (SW_DELAY)
  .\objs\system.obj (SYSTEM)
  .\objs\test_main.obj (TEST_MAIN)
  .\objs\usb_pd.obj (USB_PD)
  .\objs\usbpd_policy.obj (USBPD_POLICY)
  .\objs\usbpd_protocol.obj (USBPD_PROTOCOL)
  .\objs\callback.obj (CALLBACK)
  .\objs\event_tiny.obj (EVENT_TINY)
  .\objs\event.obj (EVENT)
  D:\KEIL\C51\LIB\C51S.LIB (?C?COPY)
  D:\KEIL\C51\LIB\C51S.LIB (?C?CSTOPTR)
  D:\KEIL\C51\LIB\C51S.LIB (?C?LMUL)
  D:\KEIL\C51\LIB\C51S.LIB (?C?LOR)
  D:\KEIL\C51\LIB\C51S.LIB (?C?ULCMP)
  D:\KEIL\C51\LIB\C51S.LIB (?C?ULSHR)
  D:\KEIL\C51\LIB\C51S.LIB (?C?LSHL)
  D:\KEIL\C51\LIB\C51S.LIB (?C?LLDXDATA)
  D:\KEIL\C51\LIB\C51S.LIB (?C?LLDCODE)
  D:\KEIL\C51\LIB\C51S.LIB (?C?LSTXDATA)
  D:\KEIL\C51\LIB\C51S.LIB (?C?OFFXADD)
  D:\KEIL\C51\LIB\C51S.LIB (?C?PLDXDATA)
  D:\KEIL\C51\LIB\C51S.LIB (?C?PSTXDATA)
  D:\KEIL\C51\LIB\C51S.LIB (?C?CCASE)
  D:\KEIL\C51\LIB\C51S.LIB (?C?LCASE)
  D:\KEIL\C51\LIB\C51S.LIB (?C?MEMSET)


LINK MAP OF MODULE:  .\objs\..\out_hex\FW (MAIN)


            TYPE    BASE      LENGTH    RELOCATION   SEGMENT NAME
            -----------------------------------------------------

            * * * * * * *   D A T A   M E M O R Y   * * * * * * *
            REG     0000H     0008H     ABSOLUTE     "REG BANK 0"
            DATA    0008H     0008H     UNIT         ?DT?USBPD_PROTOCOL
            DATA    0010H     0006H     UNIT         ?DT?TIMER
            DATA    0016H     0005H     UNIT         ?DT?USBPD_POLICY
            DATA    001BH     0005H     UNIT         ?DT?_EVENT_ADD_HEAD?EVENT
            BIT     0020H.0   0000H.6   UNIT         ?BI?USBPD_PROTOCOL
BL51 BANKED LINKER/LOCATER V6.22                                                      07/10/2023  16:22:13  PAGE 2


            BIT     0020H.6   0000H.5   UNIT         ?BI?USBPD_POLICY
                    0021H.3   0000H.5                *** GAP ***
            DATA    0022H     002EH     UNIT         _DATA_GROUP_
            DATA    0050H     0002H     UNIT         ?DT?EVENT
            IDATA   0052H     0001H     UNIT         ?STACK

            * * * * * * *  X D A T A   M E M O R Y  * * * * * * *
                    0000H     0205H                  *** GAP ***
            XDATA   0205H     0001H     ABSOLUTE     
            XDATA   0206H     0001H     ABSOLUTE     
            XDATA   0207H     0001H     ABSOLUTE     
            XDATA   0208H     0001H     ABSOLUTE     
            XDATA   0209H     0001H     ABSOLUTE     
            XDATA   020AH     0001H     ABSOLUTE     
            XDATA   020BH     0001H     ABSOLUTE     
            XDATA   020CH     0001H     ABSOLUTE     
                    020DH     0003H                  *** GAP ***
            XDATA   0210H     0001H     ABSOLUTE     
            XDATA   0211H     0001H     ABSOLUTE     
            XDATA   0212H     0001H     ABSOLUTE     
            XDATA   0213H     0001H     ABSOLUTE     
                    0214H     3DECH                  *** GAP ***
            XDATA   4000H     0001H     ABSOLUTE     
            XDATA   4001H     0001H     ABSOLUTE     
            XDATA   4002H     0001H     ABSOLUTE     
            XDATA   4003H     0001H     ABSOLUTE     
            XDATA   4004H     0001H     ABSOLUTE     
            XDATA   4005H     0001H     ABSOLUTE     
            XDATA   4006H     0001H     ABSOLUTE     
            XDATA   4007H     0001H     ABSOLUTE     
            XDATA   4008H     0001H     ABSOLUTE     
                    4009H     0001H                  *** GAP ***
            XDATA   400AH     0001H     ABSOLUTE     
            XDATA   400BH     0001H     ABSOLUTE     
            XDATA   400CH     0001H     ABSOLUTE     
            XDATA   400DH     0001H     ABSOLUTE     
            XDATA   400EH     0001H     ABSOLUTE     
            XDATA   400FH     0001H     ABSOLUTE     
            XDATA   4010H     0005H     UNIT         ?XD?USB_PD
            XDATA   4015H     0004H     UNIT         ?XD?TIMER
                    4019H     0003H                  *** GAP ***
            XDATA   401CH     0001H     ABSOLUTE     
            XDATA   401DH     0001H     ABSOLUTE     
            XDATA   401EH     0030H     UNIT         ?XD?USBPD_POLICY
                    404EH     0002H                  *** GAP ***
            XDATA   4050H     0010H     ABSOLUTE     
                    4060H     0010H                  *** GAP ***
            XDATA   4070H     0001H     ABSOLUTE     
            XDATA   4071H     007BH     UNIT         ?XD?USBPD_PROTOCOL
            XDATA   40ECH     0055H     UNIT         ?XD?EVENT

            * * * * * * *   C O D E   M E M O R Y   * * * * * * *
            CODE    0000H     0003H     ABSOLUTE     
            CODE    0003H     0003H     ABSOLUTE     
            CODE    0006H     0005H     UNIT         ?PR?SW_DELAY_10US?SW_DELAY
            CODE    000BH     0003H     ABSOLUTE     
            CODE    000EH     0003H     UNIT         ?PR?_USB_PD_CHECK_CONNECT?USB_PD
BL51 BANKED LINKER/LOCATER V6.22                                                      07/10/2023  16:22:13  PAGE 3


            CODE    0011H     0001H     UNIT         ?PR?POWER_INIT?POWER
            CODE    0012H     0001H     UNIT         ?PR?SYSTEM_INIT?SYSTEM
            CODE    0013H     0003H     ABSOLUTE     
            CODE    0016H     027DH     UNIT         ?C?LIB_CODE
            CODE    0293H     027AH     UNIT         ?PR?_SRC_EVALUATE_SINK_REQUEST?USBPD_POLICY
            CODE    050DH     0244H     UNIT         ?PR?__BUILD_OUR_CAPABILITIES?USBPD_POLICY
            CODE    0751H     011EH     UNIT         ?PR?_SEND_EXTEND_MESSAGE?USBPD_POLICY
            CODE    086FH     0100H     UNIT         ?PR?__PE_SRC_PORT_STATES?USBPD_POLICY
            CODE    096FH     00F4H     UNIT         ?PR?USBPD_MESSAGE_TRANSMISSION?USBPD_PROTOCOL
            CODE    0A63H     00F0H     UNIT         ?PR?_PROCESS_CTRL_MESSAGE?USBPD_POLICY
            CODE    0B53H     00D5H     UNIT         ?PR?USB_PD_ISR1?USB_PD
            CODE    0C28H     00D2H     UNIT         ?PR?_EVENT_ADD_HEAD?EVENT
            CODE    0CFAH     00C0H     UNIT         ?CO?USBPD_POLICY
            CODE    0DBAH     00B7H     UNIT         ?PR?_EVENT_ADD_TAIL?EVENT
            CODE    0E71H     00ADH     UNIT         ?PR?_SRC_EVALUATE_SINK_ALERT?USBPD_POLICY
            CODE    0F1EH     00A4H     UNIT         ?PR?__CHECK_CC_SRC_CONNECTION?USB_PD
            CODE    0FC2H     0093H     UNIT         ?PR?USBPD_PROTOCOL_INIT?USBPD_PROTOCOL
            CODE    1055H     008CH     UNIT         ?PR?_EVENT_PENDING?EVENT
            CODE    10E1H     0088H     UNIT         ?PR?_SEND_SOFTRESET_MESSAGE?USBPD_POLICY
            CODE    1169H     007DH     UNIT         ?PR?TIMER_ISR?TIMER
            CODE    11E6H     0077H     UNIT         ?PR?USBPD_MESSAGE_RECEPTION?USBPD_PROTOCOL
            CODE    125DH     006AH     UNIT         ?PR?USB_PD_INIT?USB_PD
            CODE    12C7H     0066H     UNIT         ?PR?_USB_PD_PROCESS?USB_PD
            CODE    132DH     0066H     UNIT         ?PR?_USBPD_TIMER_PROCESS?USBPD_POLICY
            CODE    1393H     0066H     UNIT         ?PR?USBPD_REPLY_GOODCRC?USBPD_PROTOCOL
            CODE    13F9H     005FH     UNIT         ?PR?_PROCESS_DATA_MESSAGE?USBPD_POLICY
            CODE    1458H     005DH     UNIT         ?PR?_TIMER_POLLING_ENABLE?TIMER
            CODE    14B5H     005AH     UNIT         ?PR?EVENT_DES_INIT?EVENT
            CODE    150FH     0054H     UNIT         ?PR?_BUILD_PPS_STATUS_MESSAGE?USBPD_POLICY
            CODE    1563H     004FH     UNIT         ?PR?_SEND_GENERAL_MESSAGE?USBPD_POLICY
            CODE    15B2H     004DH     UNIT         ?PR?_PROCESS_EXTD_MESSAGE?USBPD_POLICY
            CODE    15FFH     0049H     UNIT         ?PR?USBPD_POLICY_RESET?USBPD_POLICY
            CODE    1648H     0048H     UNIT         ?PR?_PROCESS_DATA_VDM_MESSAGE?USBPD_POLICY
            CODE    1690H     0046H     UNIT         ?PR?USBPD_MESSAGE_PROCESS?USBPD_POLICY
            CODE    16D6H     0042H     UNIT         ?PR?EX1_ISR?INTERRUPT
            CODE    1718H     003BH     UNIT         ?PR?SCHEDULER?SCHED
            CODE    1753H     003BH     UNIT         ?PR?_USBPD_EVENT_PROCESS?USBPD_POLICY
            CODE    178EH     003AH     UNIT         ?PR?_USBPD_US_TIMER_START?USBPD_POLICY
            CODE    17C8H     0038H     UNIT         ?PR?USBPD_POLICY_INIT?USBPD_POLICY
            CODE    1800H     0037H     UNIT         ?PR?_PARSE_EXTD_MESSAGE?USBPD_POLICY
            CODE    1837H     0036H     UNIT         ?PR?_USBPD_MS_TIMER_START?USBPD_POLICY
            CODE    186DH     0035H     UNIT         ?PR?_POWER_SET_VOLTAGE?POWER
            CODE    18A2H     0035H     UNIT         ?PR?_USBPD_US_TIMER_IS_TIMEOUT?USBPD_POLICY
            CODE    18D7H     0033H     UNIT         ?PR?_BUILD_SOURCE_CAPS_EXTEND_MESSAGE?USBPD_POLICY
            CODE    190AH     0033H     UNIT         ?PR?_USBPD_MS_TIMER_IS_TIMEOUT?USBPD_POLICY
            CODE    193DH     002EH     UNIT         ?PR?_USBPD_SEND_HARDRESET?USBPD_PROTOCOL
            CODE    196BH     002CH     UNIT         ?PR?_DO_PHYSICAL_BIST?USBPD_POLICY
            CODE    1997H     002CH     UNIT         ?PR?FIND_FREE_DES?EVENT
            CODE    19C3H     002BH     UNIT         ?PR?MAIN?MAIN
            CODE    19EEH     0026H     UNIT         ?PR?INTERRUPT_INIT?INTERRUPT
            CODE    1A14H     0025H     UNIT         ?PR?USBPD_CHECK_GOODCRC?USBPD_PROTOCOL
            CODE    1A39H     0024H     UNIT         ?PR?EX0_ISR?INTERRUPT
            CODE    1A5DH     0023H     UNIT         ?PR?__SEND_CTRL_MESSAGE?USBPD_POLICY
            CODE    1A80H     001EH     UNIT         ?PR?TIMER_INIT?TIMER
            CODE    1A9EH     001AH     UNIT         ?PR?_POWER_SET_CURRENT?POWER
            CODE    1AB8H     0017H     UNIT         ?PR?__DFP2UFP_RESPONSE_DATA_SWAP?USBPD_POLICY
            CODE    1ACFH     0017H     UNIT         ?PR?_EXTRACT_APDO_VOLTAGE?USBPD_POLICY
BL51 BANKED LINKER/LOCATER V6.22                                                      07/10/2023  16:22:13  PAGE 4


            CODE    1AE6H     0013H     UNIT         ?PR?_SRC_BUILD_SOURCE_CAPABILITIES?USBPD_POLICY
            CODE    1AF9H     0012H     UNIT         ?PR?_USBPD_HW_DELAY_MS?USBPD_POLICY
            CODE    1B0BH     0012H     UNIT         ?PR?_USBPD_HW_DELAY_US?USBPD_POLICY
            CODE    1B1DH     0011H     UNIT         ?PR?_USB_PD_ADD_EVENT?USB_PD
            CODE    1B2EH     0010H     UNIT         ?PR?SW_DELAY_10MS?SW_DELAY
            CODE    1B3EH     0010H     UNIT         ?PR?SW_DELAY_100MS?SW_DELAY
            CODE    1B4EH     000FH     UNIT         ?PR?_SEND_HARDRESET_MESSAGE?USBPD_POLICY
            CODE    1B5DH     000EH     UNIT         ?PR?SW_DELAY_100US?SW_DELAY
            CODE    1B6BH     000CH     UNIT         ?C_C51STARTUP
            CODE    1B77H     000CH     UNIT         ?PR?USBPD_PROTOCOL_RESET?USBPD_PROTOCOL
            CODE    1B83H     000BH     UNIT         ?PR?_USBPD_STATE_TRANSITION?USBPD_POLICY
            CODE    1B8EH     000AH     UNIT         ?PR?SW_DELAY_1MS?SW_DELAY
            CODE    1B98H     0008H     UNIT         ?PR?__SWITCH_OUT_VOLTAGE?USBPD_POLICY
            CODE    1BA0H     0008H     UNIT         ?PR?__SWITCH_OUT_CURRENT?USBPD_POLICY
            CODE    1BA8H     0008H     UNIT         ?PR?EVENT_INITIALIZE?EVENT
            CODE    1BB0H     0007H     UNIT         ?PR?USBPD_HARDRESET_RECEIVED?USBPD_PROTOCOL
            CODE    1BB7H     0003H     UNIT         ?PR?SNK_IS_SINKTXOK?USBPD_POLICY
            CODE    1BBAH     0001H     UNIT         ?PR?_HARDWARE_INIT?USB_PD
            CODE    1BBBH     0001H     UNIT         ?PR?_BUILD_STATUS_MESSAGE?USBPD_POLICY
            CODE    1BBCH     0001H     UNIT         ?PR?_SRC_EVALUATE_SINK_STATUS?USBPD_POLICY
            CODE    1BBDH     0001H     UNIT         ?PR?_SRC_EVALUATE_SINK_CAPS_EXTEND?USBPD_POLICY



OVERLAY MAP OF MODULE:   .\objs\..\out_hex\FW (MAIN)


SEGMENT                                            DATA_GROUP 
  +--> CALLED SEGMENT                            START    LENGTH
----------------------------------------------------------------
?C_C51STARTUP                                    -----    -----
  +--> ?PR?MAIN?MAIN

?PR?MAIN?MAIN                                    -----    -----
  +--> ?PR?EVENT_INITIALIZE?EVENT
  +--> ?PR?INTERRUPT_INIT?INTERRUPT
  +--> ?PR?SYSTEM_INIT?SYSTEM
  +--> ?PR?TIMER_INIT?TIMER
  +--> ?PR?POWER_INIT?POWER
  +--> ?PR?USB_PD_INIT?USB_PD
  +--> ?PR?SCHEDULER?SCHED

?PR?EVENT_INITIALIZE?EVENT                       -----    -----
  +--> ?PR?EVENT_DES_INIT?EVENT

?PR?USB_PD_INIT?USB_PD                           -----    -----
  +--> ?PR?_HARDWARE_INIT?USB_PD
  +--> ?PR?USBPD_PROTOCOL_INIT?USBPD_PROTOCOL
  +--> ?PR?USBPD_POLICY_INIT?USBPD_POLICY
  +--> ?PR?__CHECK_CC_SRC_CONNECTION?USB_PD

?PR?USBPD_POLICY_INIT?USBPD_POLICY               -----    -----
  +--> ?PR?USBPD_POLICY_RESET?USBPD_POLICY
  +--> ?PR?__BUILD_OUR_CAPABILITIES?USBPD_PO...

?PR?__BUILD_OUR_CAPABILITIES?USBPD_PO...         0022H    0002H
  +--> ?CO?USBPD_POLICY
BL51 BANKED LINKER/LOCATER V6.22                                                      07/10/2023  16:22:13  PAGE 5



?PR?__CHECK_CC_SRC_CONNECTION?USB_PD             0048H    0003H
  +--> ?PR?_USB_PD_ADD_EVENT?USB_PD

?PR?_USB_PD_ADD_EVENT?USB_PD                     -----    -----
  +--> ?PR?_EVENT_ADD_TAIL?EVENT

?PR?_EVENT_ADD_TAIL?EVENT                        004BH    0005H
  +--> ?PR?FIND_FREE_DES?EVENT

?PR?SCHEDULER?SCHED                              0022H    0005H
  +--> ?PR?_EVENT_PENDING?EVENT
  +--> ?PR?_USB_PD_PROCESS?USB_PD

?PR?_EVENT_PENDING?EVENT                         0027H    0003H

?PR?_USB_PD_PROCESS?USB_PD                       0027H    0002H
  +--> ?PR?USBPD_REPLY_GOODCRC?USBPD_PROTOCOL
  +--> ?PR?USBPD_MESSAGE_RECEPTION?USBPD_PRO...
  +--> ?PR?USBPD_MESSAGE_PROCESS?USBPD_POLICY
  +--> ?PR?_USBPD_TIMER_PROCESS?USBPD_POLICY
  +--> ?PR?_USBPD_EVENT_PROCESS?USBPD_POLICY

?PR?USBPD_MESSAGE_RECEPTION?USBPD_PRO...         -----    -----
  +--> ?PR?USBPD_PROTOCOL_RESET?USBPD_PROTOCOL
  +--> ?PR?SW_DELAY_10US?SW_DELAY
  +--> ?PR?_EVENT_ADD_TAIL?EVENT

?PR?USBPD_MESSAGE_PROCESS?USBPD_POLICY           -----    -----
  +--> ?PR?_PROCESS_CTRL_MESSAGE?USBPD_POLICY
  +--> ?PR?_PARSE_EXTD_MESSAGE?USBPD_POLICY
  +--> ?PR?_PROCESS_EXTD_MESSAGE?USBPD_POLICY
  +--> ?PR?_PROCESS_DATA_MESSAGE?USBPD_POLICY

?PR?_PROCESS_CTRL_MESSAGE?USBPD_POLICY           -----    -----
  +--> ?PR?__DFP2UFP_RESPONSE_DATA_SWAP?USBP...
  +--> ?PR?__SEND_CTRL_MESSAGE?USBPD_POLICY
  +--> ?PR?__PE_SRC_PORT_STATES?USBPD_POLICY
  +--> ?PR?_BUILD_SOURCE_CAPS_EXTEND_MESSAGE...
  +--> ?PR?_BUILD_STATUS_MESSAGE?USBPD_POLICY
  +--> ?PR?_BUILD_PPS_STATUS_MESSAGE?USBPD_P...
  +--> ?PR?_SEND_EXTEND_MESSAGE?USBPD_POLICY

?PR?__DFP2UFP_RESPONSE_DATA_SWAP?USBP...         -----    -----
  +--> ?PR?__SEND_CTRL_MESSAGE?USBPD_POLICY

?PR?__SEND_CTRL_MESSAGE?USBPD_POLICY             -----    -----
  +--> ?PR?_SEND_GENERAL_MESSAGE?USBPD_POLICY

?PR?_SEND_GENERAL_MESSAGE?USBPD_POLICY           -----    -----
  +--> ?PR?USBPD_MESSAGE_TRANSMISSION?USBPD_...
  +--> ?PR?_SEND_SOFTRESET_MESSAGE?USBPD_POLICY

?PR?USBPD_MESSAGE_TRANSMISSION?USBPD_...         002FH    0003H
  +--> ?PR?USBPD_PROTOCOL_RESET?USBPD_PROTOCOL
  +--> ?PR?SW_DELAY_100US?SW_DELAY

BL51 BANKED LINKER/LOCATER V6.22                                                      07/10/2023  16:22:13  PAGE 6


?PR?_SEND_SOFTRESET_MESSAGE?USBPD_POLICY         -----    -----
  +--> ?PR?USBPD_MESSAGE_TRANSMISSION?USBPD_...
  +--> ?PR?_SEND_HARDRESET_MESSAGE?USBPD_POLICY
  +--> ?PR?USBPD_POLICY_RESET?USBPD_POLICY

?PR?_SEND_HARDRESET_MESSAGE?USBPD_POLICY         -----    -----
  +--> ?PR?_USBPD_SEND_HARDRESET?USBPD_PROTOCOL

?PR?_USBPD_SEND_HARDRESET?USBPD_PROTOCOL         002FH    0002H
  +--> ?PR?SW_DELAY_1MS?SW_DELAY

?PR?__PE_SRC_PORT_STATES?USBPD_POLICY            002CH    0001H
  +--> ?PR?_USBPD_SEND_HARDRESET?USBPD_PROTOCOL
  +--> ?PR?USBPD_PROTOCOL_RESET?USBPD_PROTOCOL
  +--> ?PR?USBPD_POLICY_RESET?USBPD_POLICY
  +--> ?PR?__SWITCH_OUT_CURRENT?USBPD_POLICY
  +--> ?PR?__SWITCH_OUT_VOLTAGE?USBPD_POLICY
  +--> ?PR?_SRC_BUILD_SOURCE_CAPABILITIES?US...
  +--> ?PR?USBPD_MESSAGE_TRANSMISSION?USBPD_...
  +--> ?PR?_SRC_EVALUATE_SINK_REQUEST?USBPD_...
  +--> ?PR?__SEND_CTRL_MESSAGE?USBPD_POLICY
  +--> ?PR?SW_DELAY_10MS?SW_DELAY
  +--> ?PR?_SEND_GENERAL_MESSAGE?USBPD_POLICY

?PR?__SWITCH_OUT_CURRENT?USBPD_POLICY            -----    -----
  +--> ?PR?_POWER_SET_CURRENT?POWER

?PR?__SWITCH_OUT_VOLTAGE?USBPD_POLICY            -----    -----
  +--> ?PR?_POWER_SET_VOLTAGE?POWER

?PR?_SRC_EVALUATE_SINK_REQUEST?USBPD_...         002DH    000DH

?PR?_SEND_EXTEND_MESSAGE?USBPD_POLICY            0029H    0006H
  +--> ?PR?_SEND_GENERAL_MESSAGE?USBPD_POLICY

?PR?_PARSE_EXTD_MESSAGE?USBPD_POLICY             0029H    0002H
  +--> ?PR?__SEND_CTRL_MESSAGE?USBPD_POLICY

?PR?_PROCESS_EXTD_MESSAGE?USBPD_POLICY           -----    -----
  +--> ?PR?__SEND_CTRL_MESSAGE?USBPD_POLICY

?PR?_PROCESS_DATA_MESSAGE?USBPD_POLICY           -----    -----
  +--> ?PR?__PE_SRC_PORT_STATES?USBPD_POLICY
  +--> ?PR?_DO_PHYSICAL_BIST?USBPD_POLICY
  +--> ?PR?_SRC_EVALUATE_SINK_ALERT?USBPD_PO...
  +--> ?PR?_PROCESS_DATA_VDM_MESSAGE?USBPD_P...
  +--> ?PR?__SEND_CTRL_MESSAGE?USBPD_POLICY

?PR?_DO_PHYSICAL_BIST?USBPD_POLICY               -----    -----
  +--> ?PR?SW_DELAY_10MS?SW_DELAY

?PR?_PROCESS_DATA_VDM_MESSAGE?USBPD_P...         0029H    0001H
  +--> ?PR?_SEND_GENERAL_MESSAGE?USBPD_POLICY

?PR?_USBPD_TIMER_PROCESS?USBPD_POLICY            0029H    0003H
  +--> ?PR?__PE_SRC_PORT_STATES?USBPD_POLICY
  +--> ?PR?SW_DELAY_100MS?SW_DELAY
BL51 BANKED LINKER/LOCATER V6.22                                                      07/10/2023  16:22:13  PAGE 7



?PR?_USBPD_EVENT_PROCESS?USBPD_POLICY            0029H    0002H
  +--> ?PR?__PE_SRC_PORT_STATES?USBPD_POLICY
  +--> ?PR?USBPD_PROTOCOL_RESET?USBPD_PROTOCOL
  +--> ?PR?USBPD_POLICY_RESET?USBPD_POLICY

*** NEW ROOT ***************************************************

?PR?TIMER_ISR?TIMER                              -----    -----
  +--> ?PR?_USB_PD_CHECK_CONNECT?USB_PD

?PR?_USB_PD_CHECK_CONNECT?USB_PD                 -----    -----
  +--> ?PR?__CHECK_CC_SRC_CONNECTION?USB_PD

*** NEW ROOT ***************************************************

?PR?EX1_ISR?INTERRUPT                            -----    -----
  +--> ?PR?USB_PD_ISR1?USB_PD

?PR?USB_PD_ISR1?USB_PD                           0042H    0006H
  +--> ?PR?USBPD_CHECK_GOODCRC?USBPD_PROTOCOL
  +--> ?PR?_USBPD_US_TIMER_START?USBPD_POLICY
  +--> ?PR?_EVENT_ADD_TAIL?EVENT
  +--> ?PR?USBPD_HARDRESET_RECEIVED?USBPD_PR...
  +--> ?PR?_USB_PD_ADD_EVENT?USB_PD
  +--> ?PR?__CHECK_CC_SRC_CONNECTION?USB_PD



SYMBOL TABLE OF MODULE:  .\objs\..\out_hex\FW (MAIN)

  VALUE           TYPE          NAME
  ----------------------------------

  -------         MODULE        MAIN
  C:0000H         SYMBOL        _ICE_DUMMY_
  X:4001H         SYMBOL        MCU_OVER_FLAG
  C:19C3H         PUBLIC        main
  X:4002H         SYMBOL        FW_VERSION1
  X:4003H         SYMBOL        FW_VERSION2
  X:4000H         SYMBOL        MEM_INIT_FLAG
  -------         PROC          MAIN
  C:19C3H         LINE#         55
  C:19C3H         LINE#         56
  C:19C3H         LINE#         58
  C:19C8H         LINE#         59
  C:19CCH         LINE#         63
  C:19CFH         LINE#         68
  C:19D2H         LINE#         73
  C:19D5H         LINE#         78
  C:19D8H         LINE#         94
  C:19DBH         LINE#         99
  C:19DEH         LINE#         106
  C:19E1H         LINE#         110
  C:19E6H         LINE#         111
  C:19E6H         LINE#         112
  C:19E6H         LINE#         113
BL51 BANKED LINKER/LOCATER V6.22                                                      07/10/2023  16:22:13  PAGE 8


  C:19ECH         LINE#         114
  -------         ENDPROC       MAIN
  -------         ENDMOD        MAIN

  -------         MODULE        ?C_STARTUP
  C:1B6BH         SEGMENT       ?C_C51STARTUP
  I:0052H         SEGMENT       ?STACK
  C:0000H         PUBLIC        ?C_STARTUP
  D:00E0H         SYMBOL        ACC
  D:00F0H         SYMBOL        B
  D:0083H         SYMBOL        DPH
  D:0082H         SYMBOL        DPL
  N:0000H         SYMBOL        IBPSTACK
  N:0100H         SYMBOL        IBPSTACKTOP
  N:0080H         SYMBOL        IDATALEN
  C:1B6EH         SYMBOL        IDATALOOP
  N:0000H         SYMBOL        PBPSTACK
  N:0100H         SYMBOL        PBPSTACKTOP
  N:0000H         SYMBOL        PDATALEN
  N:0000H         SYMBOL        PDATASTART
  N:0000H         SYMBOL        PPAGE
  N:0000H         SYMBOL        PPAGEENABLE
  D:00A0H         SYMBOL        PPAGE_SFR
  D:0081H         SYMBOL        SP
  C:1B6BH         SYMBOL        STARTUP1
  N:0000H         SYMBOL        XBPSTACK
  N:0000H         SYMBOL        XBPSTACKTOP
  N:0000H         SYMBOL        XDATALEN
  N:0000H         SYMBOL        XDATASTART
  C:0000H         LINE#         126
  C:1B6BH         LINE#         133
  C:1B6DH         LINE#         134
  C:1B6EH         LINE#         135
  C:1B6FH         LINE#         136
  C:1B71H         LINE#         185
  C:1B74H         LINE#         196
  -------         ENDMOD        ?C_STARTUP

  -------         MODULE        SCHED
  C:0000H         SYMBOL        _ICE_DUMMY_
  X:4007H         PUBLIC        f_last_evt_param
  C:1718H         PUBLIC        scheduler
  X:4005H         SYMBOL        f_running_flag
  X:4006H         SYMBOL        f_last_evt_type
  X:4004H         PUBLIC        g_evt_des_not_enough
  X:4008H         SYMBOL        usbpd_event_num
  -------         PROC          SCHEDULER
  -------         DO            
  D:0022H         SYMBOL        evt_des
  -------         ENDDO         
  C:1718H         LINE#         23
  C:1718H         LINE#         24
  C:1718H         LINE#         27
  C:171DH         LINE#         30
  C:171DH         LINE#         31
  C:171DH         LINE#         33
  C:1723H         LINE#         41
BL51 BANKED LINKER/LOCATER V6.22                                                      07/10/2023  16:22:13  PAGE 9


  C:172FH         LINE#         42
  C:172FH         LINE#         45
  C:1735H         LINE#         46
  C:1739H         LINE#         49
  C:1740H         LINE#         50
  C:1742H         LINE#         54
  C:1746H         LINE#         55
  C:1746H         LINE#         56
  C:174CH         LINE#         57
  C:1751H         LINE#         58
  -------         ENDPROC       SCHEDULER
  -------         ENDMOD        SCHED

  -------         MODULE        SW_IIC
  C:0000H         SYMBOL        _ICE_DUMMY_
  -------         ENDMOD        SW_IIC

  -------         MODULE        TIMER
  C:0000H         SYMBOL        _ICE_DUMMY_
  X:4070H         PUBLIC        timer_running_flag
  D:0010H         PUBLIC        probe_status
  D:0012H         PUBLIC        system_ticks
  X:4015H         SYMBOL        start_ticks
  D:0089H         PUBLIC        TMOD
  C:1A80H         PUBLIC        timer_init
  C:1458H         PUBLIC        _timer_polling_enable
  D:008CH         PUBLIC        TH0
  D:008AH         PUBLIC        TL0
  C:1169H         PUBLIC        timer_isr
  B:0088H.4       PUBLIC        TR0
  -------         PROC          _TIMER_POLLING_ENABLE
  D:0007H         SYMBOL        enable
  D:0003H         SYMBOL        type
  C:1458H         LINE#         38
  C:145AH         LINE#         39
  C:145AH         LINE#         40
  C:145DH         LINE#         41
  C:145DH         LINE#         42
  C:1472H         LINE#         43
  C:1497H         LINE#         44
  C:1497H         LINE#         46
  C:1497H         LINE#         47
  C:14B4H         LINE#         48
  C:14B4H         LINE#         49
  -------         ENDPROC       _TIMER_POLLING_ENABLE
  -------         PROC          TIMER_ISR
  C:1169H         LINE#         52
  C:1186H         LINE#         55
  C:1188H         LINE#         57
  C:1188H         LINE#         58
  C:118BH         LINE#         59
  C:118EH         LINE#         60
  C:118EH         LINE#         61
  C:1190H         LINE#         64
  C:11A8H         LINE#         67
  C:11AEH         LINE#         73
  C:11B3H         LINE#         74
BL51 BANKED LINKER/LOCATER V6.22                                                      07/10/2023  16:22:13  PAGE 10


  C:11B3H         LINE#         75
  C:11C6H         LINE#         76
  C:11C6H         LINE#         78
  C:11CBH         LINE#         79
  C:11CBH         LINE#         80
  C:11CBH         LINE#         82
  -------         ENDPROC       TIMER_ISR
  -------         PROC          TIMER_INIT
  C:1A80H         LINE#         85
  C:1A80H         LINE#         86
  C:1A80H         LINE#         88
  C:1A89H         LINE#         89
  C:1A8DH         LINE#         92
  C:1A95H         LINE#         95
  C:1A98H         LINE#         96
  C:1A9BH         LINE#         99
  C:1A9DH         LINE#         100
  -------         ENDPROC       TIMER_INIT
  -------         ENDMOD        TIMER

  -------         MODULE        POWER
  C:0000H         SYMBOL        _ICE_DUMMY_
  C:186DH         PUBLIC        _power_set_voltage
  C:1A9EH         PUBLIC        _power_set_current
  C:0011H         PUBLIC        power_init
  -------         PROC          POWER_INIT
  C:0011H         LINE#         6
  C:0011H         LINE#         7
  C:0011H         LINE#         13
  -------         ENDPROC       POWER_INIT
  -------         PROC          _POWER_SET_VOLTAGE
  D:0002H         SYMBOL        voltage
  D:0005H         SYMBOL        pps_request
  C:186DH         LINE#         50
  C:1871H         LINE#         51
  C:1871H         LINE#         52
  C:1874H         LINE#         53
  C:1874H         LINE#         55
  C:187BH         LINE#         56
  C:187EH         LINE#         58
  C:1885H         LINE#         59
  C:1888H         LINE#         60
  C:1888H         LINE#         61
  C:188AH         LINE#         63
  C:188AH         LINE#         65
  C:1891H         LINE#         67
  C:1898H         LINE#         68
  C:189DH         LINE#         69
  C:18A1H         LINE#         70
  C:18A1H         LINE#         71
  -------         ENDPROC       _POWER_SET_VOLTAGE
  -------         PROC          _POWER_SET_CURRENT
  D:0002H         SYMBOL        current
  D:0005H         SYMBOL        pps_request
  C:1A9EH         LINE#         73
  C:1AA2H         LINE#         74
  C:1AA2H         LINE#         75
BL51 BANKED LINKER/LOCATER V6.22                                                      07/10/2023  16:22:13  PAGE 11


  C:1AA5H         LINE#         76
  C:1AA5H         LINE#         78
  C:1AACH         LINE#         79
  C:1AADH         LINE#         81
  C:1AADH         LINE#         83
  C:1AB4H         LINE#         84
  C:1AB7H         LINE#         85
  C:1AB7H         LINE#         86
  -------         ENDPROC       _POWER_SET_CURRENT
  -------         ENDMOD        POWER

  -------         MODULE        INTERRUPT
  C:0000H         SYMBOL        _ICE_DUMMY_
  B:00A8H.7       PUBLIC        EA
  C:19EEH         PUBLIC        interrupt_init
  B:00A8H.4       PUBLIC        ES
  C:1A39H         PUBLIC        ex0_isr
  C:16D6H         PUBLIC        ex1_isr
  X:020BH         SYMBOL        reg_hif_int0_status
  X:020CH         SYMBOL        reg_hif_int1_status
  X:0212H         SYMBOL        reg_hif_int0_mask
  X:0213H         SYMBOL        reg_hif_int1_mask
  B:00A8H.1       PUBLIC        ET0
  B:00A8H.3       PUBLIC        ET1
  X:0207H         SYMBOL        reg_mcu_int0_status
  B:00A8H.0       PUBLIC        EX0
  X:0208H         SYMBOL        reg_mcu_int1_status
  B:00A8H.2       PUBLIC        EX1
  X:0210H         SYMBOL        reg_mcu_int0_mask
  X:0211H         SYMBOL        reg_mcu_int1_mask
  X:0209H         SYMBOL        reg_hif_int0_raw_status
  X:020AH         SYMBOL        reg_hif_int1_raw_status
  X:0205H         SYMBOL        reg_mcu_int0_raw_status
  X:0206H         SYMBOL        reg_mcu_int1_raw_status
  -------         PROC          INTERRUPT_INIT
  C:19EEH         LINE#         26
  C:19EEH         LINE#         27
  C:19EEH         LINE#         29
  C:19F0H         LINE#         30
  C:19F2H         LINE#         32
  C:19F4H         LINE#         33
  C:19F6H         LINE#         34
  C:19F8H         LINE#         35
  C:19FAH         LINE#         38
  C:1A00H         LINE#         39
  C:1A02H         LINE#         40
  C:1A07H         LINE#         42
  C:1A0BH         LINE#         46
  C:1A0FH         LINE#         47
  C:1A11H         LINE#         53
  C:1A13H         LINE#         54
  -------         ENDPROC       INTERRUPT_INIT
  -------         PROC          EX0_ISR
  -------         DO            
  D:0007H         SYMBOL        hif_status
  D:0006H         SYMBOL        status
  -------         ENDDO         
BL51 BANKED LINKER/LOCATER V6.22                                                      07/10/2023  16:22:13  PAGE 12


  C:1A39H         LINE#         59
  C:1A46H         LINE#         61
  C:1A46H         LINE#         62
  C:1A4AH         LINE#         67
  C:1A4DH         LINE#         68
  C:1A4DH         LINE#         69
  C:1A51H         LINE#         77
  C:1A52H         LINE#         78
  C:1A52H         LINE#         81
  -------         ENDPROC       EX0_ISR
  -------         PROC          EX1_ISR
  -------         DO            
  D:0007H         SYMBOL        status
  -------         ENDDO         
  C:16D6H         LINE#         87
  C:16F3H         LINE#         89
  C:16F7H         LINE#         93
  C:16FAH         LINE#         94
  C:16FDH         LINE#         98
  -------         ENDPROC       EX1_ISR
  -------         ENDMOD        INTERRUPT

  -------         MODULE        SW_DELAY
  C:0000H         SYMBOL        _ICE_DUMMY_
  C:1B2EH         PUBLIC        sw_delay_10ms
  C:0006H         PUBLIC        sw_delay_10us
  C:1B3EH         PUBLIC        sw_delay_100ms
  C:1B5DH         PUBLIC        sw_delay_100us
  C:1B8EH         PUBLIC        sw_delay_1ms
  -------         PROC          SW_DELAY_10US
  -------         DO            
  D:0007H         SYMBOL        r
  -------         ENDDO         
  C:0006H         LINE#         39
  C:0006H         LINE#         40
  C:0006H         LINE#         41
  C:0008H         LINE#         43
  C:000AH         LINE#         44
  -------         ENDPROC       SW_DELAY_10US
  -------         PROC          SW_DELAY_100US
  -------         DO            
  D:0007H         SYMBOL        r1
  D:0006H         SYMBOL        r2
  -------         ENDDO         
  C:1B5DH         LINE#         52
  C:1B5DH         LINE#         53
  C:1B5DH         LINE#         56
  C:1B5FH         LINE#         57
  C:1B65H         LINE#         60
  C:1B66H         LINE#         61
  C:1B67H         LINE#         62
  C:1B68H         LINE#         63
  C:1B69H         LINE#         64
  C:1B6AH         LINE#         65
  -------         ENDPROC       SW_DELAY_100US
  -------         PROC          SW_DELAY_1MS
  -------         DO            
BL51 BANKED LINKER/LOCATER V6.22                                                      07/10/2023  16:22:13  PAGE 13


  D:0007H         SYMBOL        r1
  D:0006H         SYMBOL        r2
  -------         ENDDO         
  C:1B8EH         LINE#         73
  C:1B8EH         LINE#         74
  C:1B8EH         LINE#         77
  C:1B90H         LINE#         78
  C:1B96H         LINE#         81
  C:1B97H         LINE#         82
  -------         ENDPROC       SW_DELAY_1MS
  -------         PROC          SW_DELAY_10MS
  -------         DO            
  D:0007H         SYMBOL        r1
  D:0006H         SYMBOL        r2
  D:0005H         SYMBOL        r3
  -------         ENDDO         
  C:1B2EH         LINE#         90
  C:1B2EH         LINE#         91
  C:1B2EH         LINE#         94
  C:1B30H         LINE#         95
  C:1B32H         LINE#         96
  C:1B3AH         LINE#         99
  C:1B3BH         LINE#         100
  C:1B3CH         LINE#         101
  C:1B3DH         LINE#         102
  -------         ENDPROC       SW_DELAY_10MS
  -------         PROC          SW_DELAY_100MS
  -------         DO            
  D:0007H         SYMBOL        r1
  D:0006H         SYMBOL        r2
  D:0005H         SYMBOL        r3
  -------         ENDDO         
  C:1B3EH         LINE#         110
  C:1B3EH         LINE#         111
  C:1B3EH         LINE#         114
  C:1B40H         LINE#         115
  C:1B42H         LINE#         116
  C:1B4AH         LINE#         119
  C:1B4BH         LINE#         120
  C:1B4CH         LINE#         121
  C:1B4DH         LINE#         122
  -------         ENDPROC       SW_DELAY_100MS
  -------         ENDMOD        SW_DELAY

  -------         MODULE        SYSTEM
  C:0000H         SYMBOL        _ICE_DUMMY_
  C:0012H         PUBLIC        system_init
  -------         PROC          SYSTEM_INIT
  C:0012H         LINE#         8
  C:0012H         LINE#         9
  C:0012H         LINE#         11
  -------         ENDPROC       SYSTEM_INIT
  -------         ENDMOD        SYSTEM

  -------         MODULE        TEST_MAIN
  C:0000H         SYMBOL        _ICE_DUMMY_
  -------         ENDMOD        TEST_MAIN
BL51 BANKED LINKER/LOCATER V6.22                                                      07/10/2023  16:22:13  PAGE 14



  -------         MODULE        USB_PD
  C:0000H         SYMBOL        _ICE_DUMMY_
  B:00A8H.7       PUBLIC        EA
  C:1B1DH         PUBLIC        _usb_pd_add_event
  C:125DH         PUBLIC        usb_pd_init
  C:000EH         PUBLIC        _usb_pd_check_connect
  X:4010H         SYMBOL        usbpd_timer_bits
  X:4013H         SYMBOL        usbpd_event_bits
  C:1BBAH         SYMBOL        _hardware_init
  C:0F1EH         SYMBOL        __check_cc_src_connection
  X:4050H         PUBLIC        g_usbpd_trace
  C:0B53H         PUBLIC        usb_pd_isr1
  C:12C7H         PUBLIC        _usb_pd_process
  -------         PROC          USB_PD_ISR1
  -------         DO            
  D:0042H         SYMBOL        bmc_rx_status
  D:0043H         SYMBOL        bmc_tx_status
  D:0044H         SYMBOL        timer0_status
  D:0045H         SYMBOL        timer1_status
  D:0046H         SYMBOL        timer2_status
  D:0047H         SYMBOL        cc_det_status
  -------         ENDDO         
  C:0B53H         LINE#         37
  C:0B53H         LINE#         38
  C:0B53H         LINE#         39
  C:0B59H         LINE#         40
  C:0B5DH         LINE#         41
  C:0B61H         LINE#         42
  C:0B65H         LINE#         43
  C:0B69H         LINE#         44
  C:0B6FH         LINE#         47
  C:0B74H         LINE#         48
  C:0B74H         LINE#         50
  C:0B7BH         LINE#         51
  C:0B7BH         LINE#         53
  C:0B85H         LINE#         54
  C:0B85H         LINE#         57
  C:0B8CH         LINE#         59
  C:0B92H         LINE#         60
  C:0B92H         LINE#         62
  C:0B99H         LINE#         67
  C:0B99H         LINE#         69
  C:0BA2H         LINE#         70
  C:0BA2H         LINE#         71
  C:0BA2H         LINE#         72
  C:0BA2H         LINE#         73
  C:0BA2H         LINE#         74
  C:0BA2H         LINE#         75
  C:0BA7H         LINE#         76
  C:0BA7H         LINE#         78
  C:0BAAH         LINE#         80
  C:0BB1H         LINE#         81
  C:0BB1H         LINE#         83
  C:0BBAH         LINE#         84
  C:0BBAH         LINE#         85
  C:0BBAH         LINE#         88
BL51 BANKED LINKER/LOCATER V6.22                                                      07/10/2023  16:22:13  PAGE 15


  C:0BBFH         LINE#         89
  C:0BBFH         LINE#         90
  C:0BC1H         LINE#         91
  C:0BC1H         LINE#         92
  C:0BC6H         LINE#         93
  C:0BC6H         LINE#         94
  C:0BC8H         LINE#         95
  C:0BC8H         LINE#         96
  C:0BCDH         LINE#         97
  C:0BCDH         LINE#         98
  C:0BCFH         LINE#         99
  C:0BCFH         LINE#         100
  C:0BD4H         LINE#         101
  C:0BD4H         LINE#         102
  C:0BD6H         LINE#         103
  C:0BD6H         LINE#         104
  C:0BDBH         LINE#         105
  C:0BDBH         LINE#         106
  C:0BDDH         LINE#         107
  C:0BDDH         LINE#         110
  C:0BE3H         LINE#         111
  C:0BE3H         LINE#         113
  C:0BE8H         LINE#         114
  C:0BE8H         LINE#         119
  C:0BF4H         LINE#         120
  C:0BF4H         LINE#         121
  C:0BFAH         LINE#         122
  C:0BFEH         LINE#         123
  C:0C02H         LINE#         125
  C:0C0BH         LINE#         126
  C:0C0BH         LINE#         129
  C:0C11H         LINE#         130
  C:0C15H         LINE#         131
  C:0C19H         LINE#         132
  C:0C1DH         LINE#         133
  C:0C21H         LINE#         134
  C:0C27H         LINE#         135
  -------         ENDPROC       USB_PD_ISR1
  -------         PROC          _HARDWARE_INIT
  C:1BBAH         LINE#         139
  C:1BBAH         LINE#         140
  C:1BBAH         LINE#         142
  -------         ENDPROC       _HARDWARE_INIT
  -------         PROC          USB_PD_INIT
  C:125DH         LINE#         144
  C:125DH         LINE#         145
  C:125DH         LINE#         147
  C:126CH         LINE#         150
  C:1271H         LINE#         152
  C:1275H         LINE#         153
  C:127AH         LINE#         156
  C:1280H         LINE#         157
  C:1282H         LINE#         158
  C:1284H         LINE#         159
  C:1286H         LINE#         160
  C:1288H         LINE#         161
  C:128AH         LINE#         162
BL51 BANKED LINKER/LOCATER V6.22                                                      07/10/2023  16:22:13  PAGE 16


  C:128EH         LINE#         166
  C:1294H         LINE#         169
  C:1298H         LINE#         175
  C:129CH         LINE#         176
  C:129EH         LINE#         177
  C:12A0H         LINE#         178
  C:12A3H         LINE#         180
  C:12A7H         LINE#         182
  C:12ABH         LINE#         186
  C:12AEH         LINE#         189
  C:12B3H         LINE#         190
  C:12B5H         LINE#         191
  C:12B7H         LINE#         192
  C:12B9H         LINE#         193
  C:12BCH         LINE#         196
  C:12BFH         LINE#         199
  C:12C2H         LINE#         209
  -------         ENDPROC       USB_PD_INIT
  -------         PROC          _USB_PD_PROCESS
  D:0027H         SYMBOL        param
  -------         DO            
  D:0028H         SYMBOL        i
  -------         ENDDO         
  C:12C7H         LINE#         216
  C:12C9H         LINE#         217
  C:12C9H         LINE#         219
  C:12CEH         LINE#         220
  C:12CEH         LINE#         223
  C:12D4H         LINE#         225
  C:12D4H         LINE#         226
  C:12D7H         LINE#         227
  C:12D7H         LINE#         228
  C:12D7H         LINE#         230
  C:12DCH         LINE#         231
  C:12DCH         LINE#         233
  C:12DFH         LINE#         234
  C:12DFH         LINE#         236
  C:12E4H         LINE#         237
  C:12E4H         LINE#         239
  C:12E7H         LINE#         240
  C:12E7H         LINE#         241
  C:12F6H         LINE#         242
  C:12F6H         LINE#         243
  C:12FBH         LINE#         245
  C:1308H         LINE#         246
  C:1308H         LINE#         247
  C:1311H         LINE#         248
  C:1311H         LINE#         250
  C:1316H         LINE#         251
  C:1316H         LINE#         253
  C:1321H         LINE#         255
  C:1323H         LINE#         256
  C:132AH         LINE#         257
  C:132CH         LINE#         258
  C:132CH         LINE#         259
  -------         ENDPROC       _USB_PD_PROCESS
  -------         PROC          _USB_PD_ADD_EVENT
BL51 BANKED LINKER/LOCATER V6.22                                                      07/10/2023  16:22:13  PAGE 17


  D:0007H         SYMBOL        bisr
  D:0004H         SYMBOL        evt_type
  C:1B1DH         LINE#         262
  C:1B1DH         LINE#         263
  C:1B1DH         LINE#         264
  C:1B27H         LINE#         265
  -------         ENDPROC       _USB_PD_ADD_EVENT
  -------         PROC          __CHECK_CC_SRC_CONNECTION
  D:0048H         SYMBOL        bisr
  -------         DO            
  D:0007H         SYMBOL        v
  D:0049H         SYMBOL        cc0_valid
  D:004AH         SYMBOL        cc1_valid
  -------         ENDDO         
  C:0F1EH         LINE#         271
  C:0F20H         LINE#         272
  C:0F20H         LINE#         300
  C:0F25H         LINE#         301
  C:0F2EH         LINE#         302
  C:0F2EH         LINE#         303
  C:0F2EH         LINE#         304
  C:0F31H         LINE#         305
  C:0F33H         LINE#         306
  C:0F33H         LINE#         307
  C:0F36H         LINE#         308
  C:0F38H         LINE#         309
  C:0F38H         LINE#         310
  C:0F3BH         LINE#         311
  C:0F3BH         LINE#         312
  C:0F3BH         LINE#         314
  C:0F47H         LINE#         315
  C:0F47H         LINE#         316
  C:0F47H         LINE#         317
  C:0F4AH         LINE#         318
  C:0F4CH         LINE#         319
  C:0F4CH         LINE#         320
  C:0F4FH         LINE#         321
  C:0F51H         LINE#         322
  C:0F51H         LINE#         323
  C:0F54H         LINE#         324
  C:0F54H         LINE#         325
  C:0F54H         LINE#         328
  C:0F62H         LINE#         329
  C:0F62H         LINE#         331
  C:0F69H         LINE#         332
  C:0F69H         LINE#         334
  C:0F6CH         LINE#         338
  C:0F72H         LINE#         340
  C:0F72H         LINE#         342
  C:0F7BH         LINE#         344
  C:0F82H         LINE#         345
  C:0F89H         LINE#         346
  C:0F89H         LINE#         348
  C:0F8DH         LINE#         350
  C:0F94H         LINE#         351
  C:0F95H         LINE#         353
  C:0F95H         LINE#         355
BL51 BANKED LINKER/LOCATER V6.22                                                      07/10/2023  16:22:13  PAGE 18


  C:0F99H         LINE#         357
  C:0FA0H         LINE#         358
  C:0FA0H         LINE#         359
  C:0FA0H         LINE#         360
  C:0FA1H         LINE#         362
  C:0FA1H         LINE#         365
  C:0FA8H         LINE#         366
  C:0FA8H         LINE#         368
  C:0FABH         LINE#         370
  C:0FB2H         LINE#         372
  C:0FB8H         LINE#         374
  C:0FB8H         LINE#         376
  C:0FC1H         LINE#         377
  C:0FC1H         LINE#         379
  C:0FC1H         LINE#         380
  -------         ENDPROC       __CHECK_CC_SRC_CONNECTION
  -------         PROC          _USB_PD_CHECK_CONNECT
  D:0007H         SYMBOL        bisr
  C:000EH         LINE#         383
  C:000EH         LINE#         384
  C:000EH         LINE#         386
  -------         ENDPROC       _USB_PD_CHECK_CONNECT
  -------         ENDMOD        USB_PD

  -------         MODULE        USBPD_POLICY
  C:0000H         SYMBOL        _ICE_DUMMY_
  C:050DH         SYMBOL        __build_our_capabilities
  C:1B4EH         SYMBOL        _send_hardreset_message
  C:086FH         SYMBOL        __pe_src_port_states
  C:178EH         PUBLIC        _usbpd_us_timer_start
  C:1B98H         SYMBOL        __switch_out_voltage
  C:1BBCH         SYMBOL        _src_evaluate_sink_status
  C:132DH         PUBLIC        _usbpd_timer_process
  C:1AB8H         SYMBOL        __dfp2ufp_response_data_swap
  C:196BH         SYMBOL        _do_physical_bist
  C:1753H         PUBLIC        _usbpd_event_process
  X:401EH         SYMBOL        cur_ext_rxmsg_index
  X:4020H         SYMBOL        cur_ext_txmsg_index
  C:190AH         PUBLIC        _usbpd_ms_timer_is_timeout
  C:1AF9H         PUBLIC        _usbpd_hw_delay_ms
  C:1BA0H         SYMBOL        __switch_out_current
  C:1563H         SYMBOL        _send_general_message
  C:18A2H         PUBLIC        _usbpd_us_timer_is_timeout
  B:0020H.6       PUBLIC        current_data_role
  C:10E1H         SYMBOL        _send_softreset_message
  C:15FFH         PUBLIC        usbpd_policy_reset
  C:1B0BH         PUBLIC        _usbpd_hw_delay_us
  X:4022H         SYMBOL        cur_pdo_num
  B:0020H.7       PUBLIC        current_vconn_role
  X:4023H         PUBLIC        current_pd_version
  C:18D7H         SYMBOL        _build_source_caps_extend_message
  C:13F9H         SYMBOL        _process_data_message
  X:4024H         SYMBOL        src_negotiated_voltage
  C:17C8H         PUBLIC        usbpd_policy_init
  B:0021H.0       PUBLIC        current_power_role
  X:401CH         SYMBOL        current_port_state
  X:4026H         SYMBOL        src_caps_counter
BL51 BANKED LINKER/LOCATER V6.22                                                      07/10/2023  16:22:13  PAGE 19


  X:4027H         SYMBOL        snk_req_evaluate_result
  X:4028H         SYMBOL        src_negotiated_current
  C:0D2AH         SYMBOL        PDO_20V_VAL
  C:0CFAH         SYMBOL        PDO_12V_VAL
  C:0751H         SYMBOL        _send_extend_message
  C:1BBBH         SYMBOL        _build_status_message
  C:15B2H         SYMBOL        _process_extd_message
  C:0A63H         SYMBOL        _process_ctrl_message
  C:1BB7H         PUBLIC        SNK_IS_SinkTxOK
  X:400BH         SYMBOL        src_timeout_bits
  D:0016H         SYMBOL        data_object_t
  X:400AH         SYMBOL        snk_timeout_bits
  C:1690H         PUBLIC        usbpd_message_process
  C:1648H         SYMBOL        _process_data_vdm_message
  B:0021H.1       SYMBOL        current_contract_status
  C:1B83H         PUBLIC        _usbpd_state_transition
  X:402AH         SYMBOL        physical_bist_counter
  C:1ACFH         SYMBOL        _extract_apdo_voltage
  C:1800H         SYMBOL        _parse_extd_message
  X:401DH         PUBLIC        current_connect_status
  X:402BH         SYMBOL        current_real_voltage
  C:1AE6H         SYMBOL        _src_build_source_capabilities
  B:0021H.2       SYMBOL        current_is_pps_request
  C:0293H         SYMBOL        _src_evaluate_sink_request
  C:1A5DH         SYMBOL        __send_ctrl_message
  X:402DH         SYMBOL        g_our_capabilities
  C:1BBDH         SYMBOL        _src_evaluate_sink_caps_extend
  X:404BH         SYMBOL        current_real_current
  X:404DH         SYMBOL        need_support_5A
  D:001AH         SYMBOL        new_port_state
  C:1837H         PUBLIC        _usbpd_ms_timer_start
  C:0E71H         SYMBOL        _src_evaluate_sink_alert
  C:150FH         SYMBOL        _build_pps_status_message
  -------         PROC          USBPD_POLICY_INIT
  C:17C8H         LINE#         196
  C:17C8H         LINE#         197
  C:17C8H         LINE#         199
  C:17CEH         LINE#         200
  C:17D0H         LINE#         201
  C:17D2H         LINE#         202
  C:17D4H         LINE#         205
  C:17DBH         LINE#         208
  C:17DEH         LINE#         211
  C:17E4H         LINE#         212
  C:17E9H         LINE#         213
  C:17EBH         LINE#         216
  C:17EDH         LINE#         217
  C:17EFH         LINE#         218
  C:17F1H         LINE#         219
  C:17F7H         LINE#         220
  C:17FCH         LINE#         223
  -------         ENDPROC       USBPD_POLICY_INIT
  -------         PROC          USBPD_POLICY_RESET
  C:15FFH         LINE#         231
  C:15FFH         LINE#         232
  C:15FFH         LINE#         234
  C:1608H         LINE#         235
BL51 BANKED LINKER/LOCATER V6.22                                                      07/10/2023  16:22:13  PAGE 20


  C:160FH         LINE#         236
  C:1616H         LINE#         237
  C:161DH         LINE#         240
  C:1621H         LINE#         242
  C:1627H         LINE#         243
  C:162BH         LINE#         245
  C:1631H         LINE#         247
  C:1634H         LINE#         249
  C:1639H         LINE#         252
  C:163FH         LINE#         253
  C:1645H         LINE#         254
  C:1647H         LINE#         255
  -------         ENDPROC       USBPD_POLICY_RESET
  -------         PROC          _USBPD_EVENT_PROCESS
  D:0029H         SYMBOL        event_bits
  C:1753H         LINE#         258
  C:1757H         LINE#         259
  C:1757H         LINE#         261
  C:175CH         LINE#         262
  C:175CH         LINE#         264
  C:1761H         LINE#         265
  C:1761H         LINE#         267
  C:1766H         LINE#         268
  C:1766H         LINE#         270
  C:176BH         LINE#         271
  C:176BH         LINE#         273
  C:176BH         LINE#         274
  C:176BH         LINE#         276
  C:176BH         LINE#         278
  C:1770H         LINE#         279
  C:1770H         LINE#         281
  C:1775H         LINE#         282
  C:1775H         LINE#         284
  C:177AH         LINE#         285
  C:177AH         LINE#         287
  C:177DH         LINE#         289
  C:1780H         LINE#         290
  C:1780H         LINE#         291
  C:1785H         LINE#         292
  C:1785H         LINE#         294
  C:178AH         LINE#         296
  C:178DH         LINE#         297
  C:178DH         LINE#         298
  -------         ENDPROC       _USBPD_EVENT_PROCESS
  -------         PROC          USBPD_MESSAGE_PROCESS
  C:1690H         LINE#         301
  C:1690H         LINE#         302
  C:1690H         LINE#         304
  C:1699H         LINE#         307
  C:16A0H         LINE#         308
  C:16A0H         LINE#         311
  C:16A0H         LINE#         314
  C:16A6H         LINE#         315
  C:16A6H         LINE#         318
  C:16A6H         LINE#         321
  C:16B4H         LINE#         322
  C:16B4H         LINE#         324
BL51 BANKED LINKER/LOCATER V6.22                                                      07/10/2023  16:22:13  PAGE 21


  C:16B7H         LINE#         325
  C:16B7H         LINE#         327
  C:16B7H         LINE#         329
  C:16C9H         LINE#         330
  C:16C9H         LINE#         332
  C:16CFH         LINE#         333
  C:16CFH         LINE#         335
  C:16D2H         LINE#         336
  C:16D2H         LINE#         337
  C:16D2H         LINE#         339
  C:16D2H         LINE#         341
  C:16D5H         LINE#         342
  C:16D5H         LINE#         343
  C:16D5H         LINE#         344
  -------         ENDPROC       USBPD_MESSAGE_PROCESS
  -------         PROC          _USBPD_TIMER_PROCESS
  D:0029H         SYMBOL        index
  D:002AH         SYMBOL        bits
  -------         DO            
  D:002BH         SYMBOL        i
  -------         ENDDO         
  C:132DH         LINE#         347
  C:1331H         LINE#         348
  C:1331H         LINE#         349
  C:1335H         LINE#         350
  C:1335H         LINE#         351
  C:133AH         LINE#         352
  C:133AH         LINE#         354
  C:133EH         LINE#         356
  C:1343H         LINE#         357
  C:1343H         LINE#         358
  C:1348H         LINE#         359
  C:1348H         LINE#         361
  C:134AH         LINE#         362
  C:134AH         LINE#         363
  C:134CH         LINE#         364
  C:1352H         LINE#         365
  C:1352H         LINE#         366
  C:1357H         LINE#         367
  C:1357H         LINE#         369
  C:135EH         LINE#         371
  C:135EH         LINE#         373
  C:1361H         LINE#         374
  C:1361H         LINE#         375
  C:1364H         LINE#         376
  C:136DH         LINE#         377
  C:136DH         LINE#         379
  C:1372H         LINE#         380
  C:1372H         LINE#         381
  C:1377H         LINE#         382
  C:1377H         LINE#         384
  C:137BH         LINE#         385
  C:137DH         LINE#         386
  C:137DH         LINE#         387
  C:137FH         LINE#         388
  C:1384H         LINE#         389
  C:1384H         LINE#         390
BL51 BANKED LINKER/LOCATER V6.22                                                      07/10/2023  16:22:13  PAGE 22


  C:1389H         LINE#         391
  C:1389H         LINE#         393
  C:138DH         LINE#         394
  C:1392H         LINE#         395
  C:1392H         LINE#         396
  C:1392H         LINE#         397
  -------         ENDPROC       _USBPD_TIMER_PROCESS
  -------         PROC          _PROCESS_CTRL_MESSAGE
  C:0A63H         LINE#         402
  C:0A63H         LINE#         403
  C:0A63H         LINE#         404
  C:0AAFH         LINE#         405
  C:0AAFH         LINE#         407
  C:0AAFH         LINE#         408
  C:0AAFH         LINE#         411
  C:0AAFH         LINE#         412
  C:0AAFH         LINE#         415
  C:0AAFH         LINE#         416
  C:0AAFH         LINE#         419
  C:0AAFH         LINE#         420
  C:0AAFH         LINE#         423
  C:0AAFH         LINE#         425
  C:0AAFH         LINE#         428
  C:0AAFH         LINE#         429
  C:0AAFH         LINE#         432
  C:0AAFH         LINE#         434
  C:0AB1H         LINE#         435
  C:0AB3H         LINE#         438
  C:0AB3H         LINE#         440
  C:0AC3H         LINE#         441
  C:0AC6H         LINE#         444
  C:0AC6H         LINE#         446
  C:0AC9H         LINE#         447
  C:0AC9H         LINE#         449
  C:0AD4H         LINE#         450
  C:0AD4H         LINE#         452
  C:0AD9H         LINE#         453
  C:0AD9H         LINE#         454
  C:0AD9H         LINE#         456
  C:0AD9H         LINE#         458
  C:0AE8H         LINE#         459
  C:0AE8H         LINE#         462
  C:0AEAH         LINE#         465
  C:0AEAH         LINE#         467
  C:0AF9H         LINE#         468
  C:0AFBH         LINE#         471
  C:0AFBH         LINE#         473
  C:0B0AH         LINE#         474
  C:0B0CH         LINE#         477
  C:0B0CH         LINE#         478
  C:0B0CH         LINE#         481
  C:0B0CH         LINE#         482
  C:0B14H         LINE#         483
  C:0B14H         LINE#         485
  C:0B16H         LINE#         486
  C:0B18H         LINE#         488
  C:0B18H         LINE#         490
BL51 BANKED LINKER/LOCATER V6.22                                                      07/10/2023  16:22:13  PAGE 23


  C:0B1DH         LINE#         491
  C:0B1DH         LINE#         492
  C:0B1DH         LINE#         497
  C:0B1DH         LINE#         499
  C:0B1DH         LINE#         502
  C:0B1DH         LINE#         504
  C:0B20H         LINE#         505
  C:0B20H         LINE#         507
  C:0B22H         LINE#         510
  C:0B22H         LINE#         512
  C:0B25H         LINE#         513
  C:0B25H         LINE#         515
  C:0B27H         LINE#         518
  C:0B27H         LINE#         520
  C:0B36H         LINE#         521
  C:0B38H         LINE#         524
  C:0B38H         LINE#         526
  C:0B3BH         LINE#         527
  C:0B3EH         LINE#         529
  C:0B3EH         LINE#         532
  C:0B3EH         LINE#         534
  C:0B40H         LINE#         535
  C:0B42H         LINE#         538
  C:0B42H         LINE#         540
  C:0B44H         LINE#         541
  C:0B46H         LINE#         544
  C:0B46H         LINE#         546
  C:0B4DH         LINE#         547
  C:0B4DH         LINE#         549
  C:0B52H         LINE#         550
  C:0B52H         LINE#         551
  C:0B52H         LINE#         552
  C:0B52H         LINE#         553
  -------         ENDPROC       _PROCESS_CTRL_MESSAGE
  -------         PROC          _PROCESS_DATA_MESSAGE
  C:13F9H         LINE#         556
  C:13F9H         LINE#         557
  C:13F9H         LINE#         558
  C:1421H         LINE#         559
  C:1421H         LINE#         561
  C:1421H         LINE#         562
  C:1421H         LINE#         565
  C:1421H         LINE#         567
  C:1426H         LINE#         569
  C:142CH         LINE#         570
  C:142CH         LINE#         572
  C:142EH         LINE#         573
  C:1430H         LINE#         575
  C:1430H         LINE#         577
  C:1435H         LINE#         579
  C:1438H         LINE#         580
  C:1438H         LINE#         582
  C:143AH         LINE#         583
  C:143CH         LINE#         585
  C:143CH         LINE#         587
  C:1441H         LINE#         588
  C:1441H         LINE#         589
BL51 BANKED LINKER/LOCATER V6.22                                                      07/10/2023  16:22:13  PAGE 24


  C:1441H         LINE#         590
  C:1441H         LINE#         593
  C:1441H         LINE#         594
  C:1441H         LINE#         596
  C:1444H         LINE#         597
  C:1444H         LINE#         598
  C:1444H         LINE#         601
  C:1444H         LINE#         603
  C:1444H         LINE#         606
  C:1444H         LINE#         608
  C:1444H         LINE#         611
  C:1444H         LINE#         613
  C:1447H         LINE#         614
  C:1447H         LINE#         616
  C:1449H         LINE#         617
  C:1449H         LINE#         618
  C:144BH         LINE#         621
  C:144BH         LINE#         623
  C:144DH         LINE#         624
  C:144FH         LINE#         627
  C:144FH         LINE#         628
  C:144FH         LINE#         630
  C:1452H         LINE#         631
  C:1452H         LINE#         632
  C:1452H         LINE#         635
  C:1452H         LINE#         637
  C:1457H         LINE#         638
  C:1457H         LINE#         639
  C:1457H         LINE#         640
  -------         ENDPROC       _PROCESS_DATA_MESSAGE
  -------         PROC          _PROCESS_EXTD_MESSAGE
  C:15B2H         LINE#         642
  C:15B2H         LINE#         643
  C:15B2H         LINE#         644
  C:15EFH         LINE#         645
  C:15EFH         LINE#         647
  C:15EFH         LINE#         649
  C:15EFH         LINE#         652
  C:15EFH         LINE#         654
  C:15EFH         LINE#         657
  C:15EFH         LINE#         659
  C:15EFH         LINE#         660
  C:15F1H         LINE#         663
  C:15F1H         LINE#         665
  C:15F1H         LINE#         666
  C:15F3H         LINE#         669
  C:15F3H         LINE#         671
  C:15F3H         LINE#         674
  C:15F3H         LINE#         676
  C:15F3H         LINE#         677
  C:15F5H         LINE#         680
  C:15F5H         LINE#         682
  C:15F5H         LINE#         685
  C:15F5H         LINE#         687
  C:15F5H         LINE#         688
  C:15F7H         LINE#         691
  C:15F7H         LINE#         693
BL51 BANKED LINKER/LOCATER V6.22                                                      07/10/2023  16:22:13  PAGE 25


  C:15F7H         LINE#         696
  C:15F7H         LINE#         698
  C:15F7H         LINE#         699
  C:15F9H         LINE#         702
  C:15F9H         LINE#         704
  C:15F9H         LINE#         707
  C:15F9H         LINE#         709
  C:15F9H         LINE#         712
  C:15F9H         LINE#         714
  C:15F9H         LINE#         717
  C:15F9H         LINE#         719
  C:15F9H         LINE#         722
  C:15F9H         LINE#         724
  C:15F9H         LINE#         727
  C:15F9H         LINE#         729
  C:15FEH         LINE#         730
  C:15FEH         LINE#         731
  C:15FEH         LINE#         732
  -------         ENDPROC       _PROCESS_EXTD_MESSAGE
  -------         PROC          _PROCESS_DATA_VDM_MESSAGE
  -------         DO            
  D:0001H         SYMBOL        num_data_obj
  D:0029H         SYMBOL        response_type
  D:0006H         SYMBOL        rx_vdm_msg
  D:0002H         SYMBOL        tx_vdm_msg
  -------         ENDDO         
  C:1648H         LINE#         735
  C:1648H         LINE#         736
  C:1648H         LINE#         738
  C:164BH         LINE#         739
  C:164BH         LINE#         740
  C:164FH         LINE#         744
  C:1658H         LINE#         745
  C:1662H         LINE#         746
  C:1664H         LINE#         748
  C:1678H         LINE#         751
  C:1678H         LINE#         752
  C:1678H         LINE#         773
  C:1678H         LINE#         812
  C:1689H         LINE#         815
  C:168CH         LINE#         816
  C:168CH         LINE#         818
  C:168FH         LINE#         820
  C:168FH         LINE#         821
  -------         ENDPROC       _PROCESS_DATA_VDM_MESSAGE
  -------         PROC          _SEND_HARDRESET_MESSAGE
  C:1B4EH         LINE#         825
  C:1B4EH         LINE#         826
  C:1B4EH         LINE#         828
  C:1B53H         LINE#         830
  C:1B5CH         LINE#         831
  -------         ENDPROC       _SEND_HARDRESET_MESSAGE
  -------         PROC          _SEND_SOFTRESET_MESSAGE
  C:10E1H         LINE#         834
  C:10E1H         LINE#         835
  C:10E1H         LINE#         836
  C:10EDH         LINE#         837
BL51 BANKED LINKER/LOCATER V6.22                                                      07/10/2023  16:22:13  PAGE 26


  C:10F2H         LINE#         838
  C:1105H         LINE#         839
  C:111BH         LINE#         840
  C:1132H         LINE#         841
  C:1137H         LINE#         842
  C:113DH         LINE#         843
  C:113DH         LINE#         845
  C:1140H         LINE#         847
  C:1143H         LINE#         849
  C:1146H         LINE#         850
  C:1146H         LINE#         852
  C:1146H         LINE#         854
  C:114FH         LINE#         855
  C:1156H         LINE#         856
  C:115DH         LINE#         858
  C:1166H         LINE#         860
  C:1168H         LINE#         861
  C:1168H         LINE#         862
  -------         ENDPROC       _SEND_SOFTRESET_MESSAGE
  -------         PROC          _SEND_GENERAL_MESSAGE
  C:1563H         LINE#         864
  C:1563H         LINE#         865
  C:1563H         LINE#         867
  C:1576H         LINE#         868
  C:158CH         LINE#         869
  C:15A3H         LINE#         872
  C:15A9H         LINE#         873
  C:15A9H         LINE#         875
  C:15ACH         LINE#         877
  C:15AFH         LINE#         878
  C:15AFH         LINE#         879
  C:15B1H         LINE#         880
  -------         ENDPROC       _SEND_GENERAL_MESSAGE
  -------         PROC          __SEND_CTRL_MESSAGE
  D:0007H         SYMBOL        msg_type
  C:1A5DH         LINE#         882
  C:1A5DH         LINE#         883
  C:1A5DH         LINE#         884
  C:1A6CH         LINE#         885
  C:1A71H         LINE#         886
  C:1A7CH         LINE#         887
  C:1A7FH         LINE#         888
  -------         ENDPROC       __SEND_CTRL_MESSAGE
  -------         PROC          _PARSE_EXTD_MESSAGE
  -------         DO            
  D:0029H         SYMBOL        rx_chk_msg
  -------         ENDDO         
  C:1800H         LINE#         951
  C:1800H         LINE#         952
  C:1800H         LINE#         953
  C:1806H         LINE#         955
  C:1819H         LINE#         956
  C:1819H         LINE#         958
  C:181EH         LINE#         959
  C:1821H         LINE#         960
  C:1821H         LINE#         1023
  C:1821H         LINE#         1025
BL51 BANKED LINKER/LOCATER V6.22                                                      07/10/2023  16:22:13  PAGE 27


  C:1834H         LINE#         1026
  C:1836H         LINE#         1027
  C:1836H         LINE#         1029
  -------         ENDPROC       _PARSE_EXTD_MESSAGE
  -------         PROC          _SEND_EXTEND_MESSAGE
  -------         DO            
  D:0029H         SYMBOL        len
  D:0006H         SYMBOL        total_size
  D:002BH         SYMBOL        tx_chk_msg
  D:002DH         SYMBOL        rx_chk_msg
  -------         ENDDO         
  C:0751H         LINE#         1031
  C:0751H         LINE#         1032
  C:0751H         LINE#         1035
  C:0757H         LINE#         1036
  C:075DH         LINE#         1039
  C:076AH         LINE#         1040
  C:077EH         LINE#         1041
  C:0791H         LINE#         1044
  C:079CH         LINE#         1045
  C:07B1H         LINE#         1046
  C:07D6H         LINE#         1048
  C:07E3H         LINE#         1049
  C:07F0H         LINE#         1050
  C:07FDH         LINE#         1051
  C:0818H         LINE#         1052
  C:082AH         LINE#         1054
  C:0840H         LINE#         1055
  C:0861H         LINE#         1056
  C:086BH         LINE#         1058
  C:086EH         LINE#         1059
  -------         ENDPROC       _SEND_EXTEND_MESSAGE
  -------         PROC          _DO_PHYSICAL_BIST
  -------         DO            
  D:0007H         SYMBOL        mode
  -------         ENDDO         
  C:196BH         LINE#         1061
  C:196BH         LINE#         1062
  C:196BH         LINE#         1063
  C:197AH         LINE#         1064
  C:197FH         LINE#         1065
  C:197FH         LINE#         1066
  C:197FH         LINE#         1070
  C:1982H         LINE#         1071
  C:1985H         LINE#         1072
  C:1988H         LINE#         1073
  C:198BH         LINE#         1076
  C:198BH         LINE#         1077
  C:198BH         LINE#         1078
  C:1991H         LINE#         1079
  C:1994H         LINE#         1080
  C:1994H         LINE#         1082
  C:1996H         LINE#         1083
  C:1996H         LINE#         1084
  -------         ENDPROC       _DO_PHYSICAL_BIST
  -------         PROC          __PE_SRC_PORT_STATES
  D:0007H         SYMBOL        state
BL51 BANKED LINKER/LOCATER V6.22                                                      07/10/2023  16:22:13  PAGE 28


  -------         DO            
  D:002CH         SYMBOL        old_state
  -------         ENDDO         
  C:086FH         LINE#         1088
  C:086FH         LINE#         1089
  C:086FH         LINE#         1090
  C:0875H         LINE#         1093
  C:0877H         LINE#         1095
  C:089CH         LINE#         1096
  C:089CH         LINE#         1097
  C:089CH         LINE#         1098
  C:089CH         LINE#         1100
  C:08A1H         LINE#         1101
  C:08A1H         LINE#         1103
  C:08A1H         LINE#         1104
  C:08A1H         LINE#         1106
  C:08A7H         LINE#         1108
  C:08ACH         LINE#         1109
  C:08ACH         LINE#         1110
  C:08AFH         LINE#         1111
  C:08AFH         LINE#         1112
  C:08AFH         LINE#         1114
  C:08B2H         LINE#         1116
  C:08B5H         LINE#         1119
  C:08B7H         LINE#         1125
  C:08BEH         LINE#         1126
  C:08C5H         LINE#         1128
  C:08CCH         LINE#         1129
  C:08CCH         LINE#         1131
  C:08CCH         LINE#         1132
  C:08CCH         LINE#         1134
  C:08D2H         LINE#         1136
  C:08D7H         LINE#         1146
  C:08D7H         LINE#         1148
  C:08D7H         LINE#         1149
  C:08D7H         LINE#         1151
  C:08DDH         LINE#         1153
  C:08E0H         LINE#         1155
  C:08E6H         LINE#         1157
  C:08ECH         LINE#         1158
  C:08ECH         LINE#         1160
  C:08F1H         LINE#         1161
  C:08F3H         LINE#         1163
  C:08F3H         LINE#         1165
  C:08F6H         LINE#         1166
  C:08FFH         LINE#         1167
  C:08FFH         LINE#         1169
  C:0904H         LINE#         1170
  C:0904H         LINE#         1171
  C:0904H         LINE#         1172
  C:0904H         LINE#         1173
  C:0906H         LINE#         1174
  C:0906H         LINE#         1175
  C:0906H         LINE#         1177
  C:090FH         LINE#         1179
  C:0912H         LINE#         1181
  C:0915H         LINE#         1182
BL51 BANKED LINKER/LOCATER V6.22                                                      07/10/2023  16:22:13  PAGE 29


  C:0915H         LINE#         1183
  C:091AH         LINE#         1184
  C:091AH         LINE#         1185
  C:091AH         LINE#         1186
  C:091CH         LINE#         1187
  C:091CH         LINE#         1188
  C:091CH         LINE#         1190
  C:0921H         LINE#         1191
  C:0921H         LINE#         1192
  C:0921H         LINE#         1193
  C:0921H         LINE#         1194
  C:0921H         LINE#         1196
  C:0921H         LINE#         1197
  C:0921H         LINE#         1198
  C:0921H         LINE#         1199
  C:0921H         LINE#         1202
  C:0929H         LINE#         1203
  C:0929H         LINE#         1205
  C:092CH         LINE#         1206
  C:092FH         LINE#         1207
  C:0932H         LINE#         1209
  C:093DH         LINE#         1210
  C:0948H         LINE#         1212
  C:094DH         LINE#         1213
  C:094DH         LINE#         1215
  C:094DH         LINE#         1216
  C:094DH         LINE#         1218
  C:0953H         LINE#         1220
  C:0955H         LINE#         1222
  C:0958H         LINE#         1223
  C:0958H         LINE#         1224
  C:0961H         LINE#         1225
  C:0961H         LINE#         1226
  C:0961H         LINE#         1227
  C:0962H         LINE#         1228
  C:0962H         LINE#         1229
  C:0962H         LINE#         1231
  C:0965H         LINE#         1233
  C:0968H         LINE#         1235
  C:096EH         LINE#         1236
  C:096EH         LINE#         1237
  C:096EH         LINE#         1238
  C:096EH         LINE#         1239
  -------         ENDPROC       __PE_SRC_PORT_STATES
  -------         PROC          _SRC_BUILD_SOURCE_CAPABILITIES
  C:1AE6H         LINE#         1241
  C:1AE6H         LINE#         1242
  C:1AE6H         LINE#         1244
  -------         ENDPROC       _SRC_BUILD_SOURCE_CAPABILITIES
  -------         PROC          _SRC_EVALUATE_SINK_REQUEST
  -------         DO            
  D:002DH         SYMBOL        pdo_position
  D:0007H         SYMBOL        version
  D:002EH         SYMBOL        opr_current
  D:0030H         SYMBOL        opr_voltage
  D:0032H         SYMBOL        max_current
  D:0034H         SYMBOL        cap_current
BL51 BANKED LINKER/LOCATER V6.22                                                      07/10/2023  16:22:13  PAGE 30


  D:0036H         SYMBOL        cur_cap_pdo
  -------         ENDDO         
  C:0293H         LINE#         1248
  C:0293H         LINE#         1249
  C:0293H         LINE#         1258
  C:02A0H         LINE#         1259
  C:02A5H         LINE#         1260
  C:02A5H         LINE#         1262
  C:02AAH         LINE#         1263
  C:02AAH         LINE#         1277
  C:0345H         LINE#         1280
  C:0350H         LINE#         1281
  C:035FH         LINE#         1282
  C:035FH         LINE#         1284
  C:0362H         LINE#         1286
  C:0362H         LINE#         1289
  C:037AH         LINE#         1290
  C:037AH         LINE#         1292
  C:037DH         LINE#         1294
  C:037DH         LINE#         1297
  C:0434H         LINE#         1299
  C:0454H         LINE#         1300
  C:0454H         LINE#         1301
  C:0454H         LINE#         1302
  C:0456H         LINE#         1303
  C:0458H         LINE#         1304
  C:0458H         LINE#         1305
  C:045AH         LINE#         1306
  C:045CH         LINE#         1307
  C:045CH         LINE#         1308
  C:045FH         LINE#         1310
  C:045FH         LINE#         1312
  C:0462H         LINE#         1313
  C:0462H         LINE#         1315
  C:0477H         LINE#         1316
  C:0481H         LINE#         1318
  C:0489H         LINE#         1319
  C:048BH         LINE#         1321
  C:048BH         LINE#         1323
  C:04A1H         LINE#         1324
  C:04B6H         LINE#         1325
  C:04C0H         LINE#         1327
  C:04D7H         LINE#         1328
  C:04D7H         LINE#         1330
  C:04D7H         LINE#         1332
  C:04ECH         LINE#         1333
  C:04ECH         LINE#         1334
  C:04F2H         LINE#         1336
  C:04F2H         LINE#         1339
  C:04FCH         LINE#         1340
  C:0506H         LINE#         1341
  C:0506H         LINE#         1344
  C:050CH         LINE#         1345
  -------         ENDPROC       _SRC_EVALUATE_SINK_REQUEST
  -------         PROC          __DFP2UFP_RESPONSE_DATA_SWAP
  D:0007H         SYMBOL        step
  C:1AB8H         LINE#         1348
BL51 BANKED LINKER/LOCATER V6.22                                                      07/10/2023  16:22:13  PAGE 31


  C:1AB8H         LINE#         1349
  C:1AB8H         LINE#         1350
  C:1AC0H         LINE#         1351
  C:1AC0H         LINE#         1352
  C:1AC0H         LINE#         1354
  C:1AC8H         LINE#         1355
  C:1ACAH         LINE#         1356
  C:1ACAH         LINE#         1357
  C:1ACAH         LINE#         1359
  C:1ACCH         LINE#         1360
  C:1ACCH         LINE#         1361
  C:1ACCH         LINE#         1362
  C:1ACEH         LINE#         1363
  -------         ENDPROC       __DFP2UFP_RESPONSE_DATA_SWAP
  -------         PROC          __BUILD_OUR_CAPABILITIES
  D:0022H         SYMBOL        pdp_sel
  -------         DO            
  D:0023H         SYMBOL        i
  -------         ENDDO         
  C:050DH         LINE#         1439
  C:050FH         LINE#         1440
  C:050FH         LINE#         1462
  C:0519H         LINE#         1463
  C:0519H         LINE#         1464
  C:051FH         LINE#         1465
  C:0522H         LINE#         1466
  C:060DH         LINE#         1467
  C:060DH         LINE#         1469
  C:060DH         LINE#         1470
  C:0613H         LINE#         1471
  C:0616H         LINE#         1472
  C:0702H         LINE#         1473
  C:0702H         LINE#         1478
  C:0715H         LINE#         1479
  C:0721H         LINE#         1480
  C:0736H         LINE#         1481
  C:0746H         LINE#         1482
  C:074BH         LINE#         1483
  C:0750H         LINE#         1484
  -------         ENDPROC       __BUILD_OUR_CAPABILITIES
  -------         PROC          __SWITCH_OUT_VOLTAGE
  D:0006H         SYMBOL        target_voltage
  C:1B98H         LINE#         1487
  C:1B98H         LINE#         1488
  C:1B98H         LINE#         1490
  -------         ENDPROC       __SWITCH_OUT_VOLTAGE
  -------         PROC          __SWITCH_OUT_CURRENT
  D:0006H         SYMBOL        target_current
  C:1BA0H         LINE#         1493
  C:1BA0H         LINE#         1494
  C:1BA0H         LINE#         1496
  -------         ENDPROC       __SWITCH_OUT_CURRENT
  -------         PROC          SNK_IS_SINKTXOK
  C:1BB7H         LINE#         1501
  C:1BB7H         LINE#         1502
  C:1BB7H         LINE#         1503
  C:1BB9H         LINE#         1504
BL51 BANKED LINKER/LOCATER V6.22                                                      07/10/2023  16:22:13  PAGE 32


  -------         ENDPROC       SNK_IS_SINKTXOK
  -------         PROC          _BUILD_SOURCE_CAPS_EXTEND_MESSAGE
  C:18D7H         LINE#         1506
  C:18D7H         LINE#         1507
  C:18D7H         LINE#         1510
  C:18E3H         LINE#         1512
  C:18EAH         LINE#         1513
  C:18F5H         LINE#         1515
  -------         ENDPROC       _BUILD_SOURCE_CAPS_EXTEND_MESSAGE
  -------         PROC          _SRC_EVALUATE_SINK_ALERT
  C:0E71H         LINE#         1519
  C:0E71H         LINE#         1520
  C:0E71H         LINE#         1522
  C:0F0CH         LINE#         1525
  C:0F18H         LINE#         1526
  C:0F18H         LINE#         1527
  C:0F1BH         LINE#         1528
  C:0F1BH         LINE#         1530
  C:0F1BH         LINE#         1531
  C:0F1DH         LINE#         1532
  C:0F1DH         LINE#         1533
  -------         ENDPROC       _SRC_EVALUATE_SINK_ALERT
  -------         PROC          _BUILD_STATUS_MESSAGE
  C:1BBBH         LINE#         1536
  C:1BBBH         LINE#         1537
  C:1BBBH         LINE#         1539
  -------         ENDPROC       _BUILD_STATUS_MESSAGE
  -------         PROC          _SRC_EVALUATE_SINK_STATUS
  C:1BBCH         LINE#         1542
  C:1BBCH         LINE#         1543
  C:1BBCH         LINE#         1545
  -------         ENDPROC       _SRC_EVALUATE_SINK_STATUS
  -------         PROC          _SRC_EVALUATE_SINK_CAPS_EXTEND
  C:1BBDH         LINE#         1547
  C:1BBDH         LINE#         1548
  C:1BBDH         LINE#         1550
  -------         ENDPROC       _SRC_EVALUATE_SINK_CAPS_EXTEND
  -------         PROC          _BUILD_PPS_STATUS_MESSAGE
  C:150FH         LINE#         1552
  C:150FH         LINE#         1553
  C:150FH         LINE#         1555
  C:151BH         LINE#         1557
  C:1522H         LINE#         1558
  C:152DH         LINE#         1560
  C:1539H         LINE#         1561
  C:1547H         LINE#         1562
  C:1555H         LINE#         1565
  C:1562H         LINE#         1566
  -------         ENDPROC       _BUILD_PPS_STATUS_MESSAGE
  -------         PROC          _EXTRACT_APDO_VOLTAGE
  D:0007H         SYMBOL        max_100mv
  C:1ACFH         LINE#         1570
  C:1ACFH         LINE#         1571
  C:1ACFH         LINE#         1572
  C:1AD5H         LINE#         1573
  C:1ADAH         LINE#         1574
  C:1AE0H         LINE#         1575
BL51 BANKED LINKER/LOCATER V6.22                                                      07/10/2023  16:22:13  PAGE 33


  C:1AE3H         LINE#         1577
  C:1AE5H         LINE#         1578
  -------         ENDPROC       _EXTRACT_APDO_VOLTAGE
  -------         PROC          _USBPD_STATE_TRANSITION
  D:0007H         SYMBOL        new_state
  C:1B83H         LINE#         1581
  C:1B83H         LINE#         1582
  C:1B83H         LINE#         1583
  C:1B85H         LINE#         1584
  -------         ENDPROC       _USBPD_STATE_TRANSITION
  -------         PROC          _USBPD_MS_TIMER_START
  D:0003H         SYMBOL        index
  D:0004H         SYMBOL        count
  C:1837H         LINE#         1590
  C:1839H         LINE#         1591
  C:1839H         LINE#         1593
  C:184CH         LINE#         1595
  C:1858H         LINE#         1596
  C:1864H         LINE#         1598
  C:186CH         LINE#         1599
  -------         ENDPROC       _USBPD_MS_TIMER_START
  -------         PROC          _USBPD_MS_TIMER_IS_TIMEOUT
  D:0005H         SYMBOL        index
  C:190AH         LINE#         1601
  C:190CH         LINE#         1602
  C:190CH         LINE#         1604
  C:1926H         LINE#         1605
  C:1926H         LINE#         1607
  C:1937H         LINE#         1609
  C:193AH         LINE#         1610
  C:193AH         LINE#         1612
  C:193AH         LINE#         1614
  C:193CH         LINE#         1615
  C:193CH         LINE#         1616
[...]
  C:1B02H         LINE#         1651
  C:1B0AH         LINE#         1652
  C:1B0AH         LINE#         1653
  C:1B0AH         LINE#         1654
  -------         ENDPROC       _USBPD_HW_DELAY_MS
  -------         PROC          _USBPD_HW_DELAY_US
  D:0004H         SYMBOL        us
  C:1B0BH         LINE#         1656
  C:1B0FH         LINE#         1657
  C:1B0FH         LINE#         1658
  C:1B14H         LINE#         1659
  C:1B1CH         LINE#         1660
  C:1B1CH         LINE#         1661
  C:1B1CH         LINE#         1662
  -------         ENDPROC       _USBPD_HW_DELAY_US
  -------         ENDMOD        USBPD_POLICY

  -------         MODULE        USBPD_PROTOCOL
  C:0000H         SYMBOL        _ICE_DUMMY_
  X:400EH         SYMBOL        trace_txretry_counter
  C:096FH         PUBLIC        usbpd_message_transmission
  C:1B77H         PUBLIC        usbpd_protocol_reset
  X:4071H         SYMBOL        pd_current_ext_rxmsg
  X:408FH         SYMBOL        pd_current_ext_txmsg
  X:40ADH         SYMBOL        message_id_stored
  C:0FC2H         PUBLIC        usbpd_protocol_init
  B:0020H.0       PUBLIC        sig_goodcrc_discarded
  B:0020H.1       PUBLIC        sig_message_discarded
  C:11E6H         PUBLIC        usbpd_message_reception
  B:0020H.2       PUBLIC        sig_send_goodcrc_done
  D:0008H         PUBLIC        pd_rxmsg_ptr
  D:000AH         PUBLIC        pd_txmsg_ptr
  B:0020H.3       PUBLIC        sig_send_message_done
  X:400FH         SYMBOL        trace_discard_counter
  B:0020H.4       PUBLIC        sig_send_hardrst_done
  B:0020H.5       PUBLIC        sig_goodcrc_received
  C:1A14H         PUBLIC        usbpd_check_goodcrc
  X:40AEH         SYMBOL        pd_current_rxmsg
  X:40CCH         SYMBOL        pd_current_txmsg
  D:000CH         PUBLIC        pd_ext_rxmsg_ptr
  D:000EH         PUBLIC        pd_ext_txmsg_ptr
  C:193DH         PUBLIC        _usbpd_send_hardreset
  X:40EAH         SYMBOL        goodcrc_message_id
  X:400DH         SYMBOL        hardreset_snd_times
  C:1BB0H         PUBLIC        usbpd_hardreset_received
  C:1393H         PUBLIC        usbpd_reply_goodcrc
  X:400CH         SYMBOL        hardreset_rcv_times
  X:40EBH         SYMBOL        message_id_counter
  -------         PROC          USBPD_PROTOCOL_INIT
BL51 BANKED LINKER/LOCATER V6.22                                                      07/10/2023  16:22:13  PAGE 35


  C:0FC2H         LINE#         77
  C:0FC2H         LINE#         78
  C:0FC2H         LINE#         80
  C:0FD1H         LINE#         81
  C:0FD7H         LINE#         84
  C:0FE6H         LINE#         85
  C:0FECH         LINE#         88
  C:0FFBH         LINE#         89
  C:1001H         LINE#         92
  C:1010H         LINE#         93
  C:1016H         LINE#         96
  C:101DH         LINE#         97
  C:1024H         LINE#         99
  C:102AH         LINE#         102
  C:102FH         LINE#         103
  C:1035H         LINE#         104
  C:1039H         LINE#         106
  C:103EH         LINE#         107
  C:1042H         LINE#         108
  C:1046H         LINE#         109
  C:1048H         LINE#         112
  C:104AH         LINE#         115
  C:104CH         LINE#         116
  C:104EH         LINE#         117
  C:1050H         LINE#         118
  C:1052H         LINE#         119
  C:1054H         LINE#         120
  -------         ENDPROC       USBPD_PROTOCOL_INIT
  -------         PROC          USBPD_PROTOCOL_RESET
  C:1B77H         LINE#         122
  C:1B77H         LINE#         123
  C:1B77H         LINE#         125
  C:1B7CH         LINE#         127
  C:1B82H         LINE#         128
  -------         ENDPROC       USBPD_PROTOCOL_RESET
  -------         PROC          USBPD_REPLY_GOODCRC
  C:1393H         LINE#         133
  C:1393H         LINE#         134
  C:1393H         LINE#         136
  C:139AH         LINE#         137
  C:139EH         LINE#         138
  C:13ADH         LINE#         139
  C:13B9H         LINE#         140
  C:13C2H         LINE#         141
  C:13D2H         LINE#         142
  C:13D8H         LINE#         166
  C:13D8H         LINE#         167
  C:13D8H         LINE#         178
  C:13EBH         LINE#         179
  C:13EBH         LINE#         181
  C:13EBH         LINE#         182
  C:13EBH         LINE#         186
  C:13F6H         LINE#         188
  C:13F8H         LINE#         189
  -------         ENDPROC       USBPD_REPLY_GOODCRC
  -------         PROC          USBPD_MESSAGE_RECEPTION
  -------         DO            
BL51 BANKED LINKER/LOCATER V6.22                                                      07/10/2023  16:22:13  PAGE 36


  C:1241H         SYMBOL        RX_SUCCESS
  -------         ENDDO         
  C:11E6H         LINE#         191
  C:11E6H         LINE#         192
  C:11E6H         LINE#         196
  C:11F0H         LINE#         197
  C:11F0H         LINE#         198
  C:11FAH         LINE#         199
  C:11FAH         LINE#         201
  C:11FDH         LINE#         204
  C:11FDH         LINE#         205
  C:11FDH         LINE#         219
  C:11FDH         LINE#         220
  C:11FDH         LINE#         222
  C:1200H         LINE#         223
  C:1200H         LINE#         225
  C:1202H         LINE#         226
  C:1204H         LINE#         227
  C:1204H         LINE#         229
  C:1207H         LINE#         230
  C:1207H         LINE#         232
  C:1212H         LINE#         233
  C:1218H         LINE#         235
  C:121EH         LINE#         236
  C:1220H         LINE#         237
  C:1220H         LINE#         239
  C:1223H         LINE#         240
  C:1225H         LINE#         242
  C:1228H         LINE#         243
  C:1228H         LINE#         245
  C:122BH         LINE#         247
  C:122BH         LINE#         250
  C:123CH         LINE#         251
  C:123CH         LINE#         254
  C:123CH         LINE#         257
  C:1241H         LINE#         258
  C:1241H         LINE#         260
  C:1241H         LINE#         263
  C:1254H         LINE#         265
  C:125CH         LINE#         266
  -------         ENDPROC       USBPD_MESSAGE_RECEPTION
  -------         PROC          USBPD_CHECK_GOODCRC
  C:1A14H         LINE#         269
  C:1A14H         LINE#         270
  C:1A14H         LINE#         271
  C:1A28H         LINE#         272
  C:1A28H         LINE#         274
  C:1A31H         LINE#         276
  C:1A33H         LINE#         277
  C:1A36H         LINE#         278
  C:1A36H         LINE#         279
  C:1A38H         LINE#         280
  -------         ENDPROC       USBPD_CHECK_GOODCRC
  -------         PROC          USBPD_MESSAGE_TRANSMISSION
  -------         DO            
  D:002FH         SYMBOL        retry_counter
  D:0030H         SYMBOL        retry_gate
BL51 BANKED LINKER/LOCATER V6.22                                                      07/10/2023  16:22:13  PAGE 37


  C:09C8H         SYMBOL        TX_RETRY
  -------         DO            
  D:0031H         SYMBOL        i
  -------         ENDDO         
  -------         ENDDO         
  C:096FH         LINE#         285
  C:096FH         LINE#         286
  C:096FH         LINE#         287
  C:0972H         LINE#         288
  C:0983H         LINE#         291
  C:0990H         LINE#         292
  C:0990H         LINE#         293
  C:099DH         LINE#         294
  C:099DH         LINE#         296
  C:09A0H         LINE#         299
  C:09A0H         LINE#         300
  C:09A0H         LINE#         303
  C:09B5H         LINE#         305
  C:09C8H         LINE#         307
  C:09C8H         LINE#         309
  C:09CAH         LINE#         310
  C:09D1H         LINE#         311
  C:09D1H         LINE#         313
  C:09D7H         LINE#         314
  C:09DDH         LINE#         316
  C:09E8H         LINE#         317
  C:09EAH         LINE#         319
  C:09EAH         LINE#         321
  C:09F0H         LINE#         322
  C:09F4H         LINE#         324
  C:09FAH         LINE#         325
  C:09FDH         LINE#         326
  C:09FDH         LINE#         329
  C:09FDH         LINE#         330
  C:09FDH         LINE#         332
  C:0A00H         LINE#         333
  C:0A00H         LINE#         334
  C:0A02H         LINE#         335
  C:0A04H         LINE#         336
  C:0A04H         LINE#         338
  C:0A07H         LINE#         339
  C:0A07H         LINE#         341
  C:0A12H         LINE#         342
  C:0A18H         LINE#         344
  C:0A1FH         LINE#         346
  C:0A1FH         LINE#         347
  C:0A1FH         LINE#         348
  C:0A1FH         LINE#         350
  C:0A22H         LINE#         351
  C:0A22H         LINE#         353
  C:0A24H         LINE#         354
  C:0A26H         LINE#         355
  C:0A26H         LINE#         359
  C:0A26H         LINE#         361
  C:0A29H         LINE#         362
  C:0A29H         LINE#         364
  C:0A2CH         LINE#         365
BL51 BANKED LINKER/LOCATER V6.22                                                      07/10/2023  16:22:13  PAGE 38


  C:0A2CH         LINE#         367
  C:0A2EH         LINE#         368
  C:0A30H         LINE#         369
  C:0A30H         LINE#         371
  C:0A33H         LINE#         372
  C:0A3CH         LINE#         374
  C:0A43H         LINE#         375
  C:0A43H         LINE#         376
  C:0A43H         LINE#         377
  C:0A43H         LINE#         378
  C:0A43H         LINE#         400
  C:0A50H         LINE#         401
  C:0A50H         LINE#         402
  C:0A50H         LINE#         403
  C:0A50H         LINE#         406
  C:0A56H         LINE#         407
  C:0A5AH         LINE#         410
  C:0A60H         LINE#         412
  C:0A62H         LINE#         413
  -------         ENDPROC       USBPD_MESSAGE_TRANSMISSION
  -------         PROC          _USBPD_SEND_HARDRESET
  D:002FH         SYMBOL        is_cable
  -------         DO            
  D:0030H         SYMBOL        i
  -------         ENDDO         
  C:193DH         LINE#         418
  C:193FH         LINE#         419
  C:193FH         LINE#         421
  C:193FH         LINE#         424
  C:1945H         LINE#         428
  C:194AH         LINE#         433
  C:1955H         LINE#         435
  C:1955H         LINE#         437
  C:1958H         LINE#         438
  C:1958H         LINE#         439
  C:195BH         LINE#         440
  C:195BH         LINE#         442
  C:195DH         LINE#         443
  C:195EH         LINE#         444
  C:195EH         LINE#         446
  C:1961H         LINE#         447
  C:196AH         LINE#         448
  C:196AH         LINE#         451
  -------         ENDPROC       _USBPD_SEND_HARDRESET
  -------         PROC          USBPD_HARDRESET_RECEIVED
  C:1BB0H         LINE#         454
  C:1BB0H         LINE#         455
  C:1BB0H         LINE#         457
  C:1BB6H         LINE#         460
  -------         ENDPROC       USBPD_HARDRESET_RECEIVED
  -------         ENDMOD        USBPD_PROTOCOL

  -------         MODULE        CALLBACK
  C:0000H         SYMBOL        _ICE_DUMMY_
  -------         ENDMOD        CALLBACK

  -------         MODULE        EVENT_TINY
BL51 BANKED LINKER/LOCATER V6.22                                                      07/10/2023  16:22:13  PAGE 39


  C:0000H         SYMBOL        _ICE_DUMMY_
  -------         ENDMOD        EVENT_TINY

  -------         MODULE        EVENT
  C:0000H         SYMBOL        _ICE_DUMMY_
  B:00A8H.7       PUBLIC        EA
  D:0050H         SYMBOL        event_head
  C:0C28H         PUBLIC        _event_add_head
  C:0DBAH         PUBLIC        _event_add_tail
  C:1BA8H         PUBLIC        event_initialize
  C:1997H         SYMBOL        find_free_des
  C:14B5H         SYMBOL        event_des_init
  X:40ECH         SYMBOL        event_des_pool
  X:413CH         SYMBOL        event_head_t
  C:1055H         PUBLIC        _event_pending
  -------         PROC          EVENT_INITIALIZE
  C:1BA8H         LINE#         29
  C:1BA8H         LINE#         30
  C:1BA8H         LINE#         31
  C:1BADH         LINE#         33
  -------         ENDPROC       EVENT_INITIALIZE
  -------         PROC          _EVENT_PENDING
  D:0027H         SYMBOL        p_des
  -------         DO            
  D:0006H         SYMBOL        p
  -------         ENDDO         
  C:1055H         LINE#         40
  C:105BH         LINE#         41
  C:105BH         LINE#         44
  C:1069H         LINE#         45
  C:106BH         LINE#         48
  C:106DH         LINE#         49
  C:107AH         LINE#         50
  C:108AH         LINE#         51
  C:108CH         LINE#         54
  C:10A0H         LINE#         55
  C:10B6H         LINE#         58
  C:10C3H         LINE#         59
  C:10CDH         LINE#         60
  C:10DEH         LINE#         62
  C:10E0H         LINE#         63
  -------         ENDPROC       _EVENT_PENDING
  -------         PROC          _EVENT_ADD_TAIL
  D:004BH         SYMBOL        bisr
  D:004CH         SYMBOL        type
  D:004DH         SYMBOL        param
  -------         DO            
  D:0007H         SYMBOL        i
  D:004EH         SYMBOL        p
  D:0006H         SYMBOL        q
  -------         ENDDO         
  C:0DBAH         LINE#         68
  C:0DC0H         LINE#         69
  C:0DC0H         LINE#         75
  C:0DC4H         LINE#         76
  C:0DC6H         LINE#         79
  C:0DCCH         LINE#         80
BL51 BANKED LINKER/LOCATER V6.22                                                      07/10/2023  16:22:13  PAGE 40


  C:0DDAH         LINE#         81
  C:0DDAH         LINE#         82
  C:0DE9H         LINE#         85
  C:0E06H         LINE#         86
  C:0E06H         LINE#         87
  C:0E0AH         LINE#         88
  C:0E0CH         LINE#         89
  C:0E0FH         LINE#         90
  C:0E0FH         LINE#         91
  C:0E0FH         LINE#         94
  C:0E12H         LINE#         95
  C:0E15H         LINE#         96
  C:0E15H         LINE#         98
  C:0E1BH         LINE#         99
  C:0E1FH         LINE#         100
  C:0E21H         LINE#         101
  C:0E24H         LINE#         102
  C:0E24H         LINE#         103
  C:0E33H         LINE#         104
  C:0E3EH         LINE#         105
  C:0E48H         LINE#         106
  C:0E5AH         LINE#         109
  C:0E68H         LINE#         111
  C:0E6CH         LINE#         112
  C:0E6EH         LINE#         113
  C:0E70H         LINE#         114
  -------         ENDPROC       _EVENT_ADD_TAIL
  -------         PROC          _EVENT_ADD_HEAD
  D:001BH         SYMBOL        bisr
  D:001CH         SYMBOL        type
  D:001DH         SYMBOL        param
  -------         DO            
  D:0007H         SYMBOL        i
  D:001EH         SYMBOL        p
  D:0006H         SYMBOL        q
  -------         ENDDO         
  C:0C28H         LINE#         120
  C:0C2EH         LINE#         121
  C:0C2EH         LINE#         127
  C:0C32H         LINE#         128
  C:0C34H         LINE#         131
  C:0C3AH         LINE#         132
  C:0C48H         LINE#         133
  C:0C48H         LINE#         134
  C:0C57H         LINE#         137
  C:0C74H         LINE#         138
  C:0C74H         LINE#         139
  C:0C78H         LINE#         140
  C:0C7AH         LINE#         141
  C:0C7DH         LINE#         142
  C:0C7DH         LINE#         143
  C:0C7DH         LINE#         146
  C:0C80H         LINE#         147
  C:0C83H         LINE#         148
  C:0C83H         LINE#         149
  C:0C89H         LINE#         150
  C:0C8DH         LINE#         151
BL51 BANKED LINKER/LOCATER V6.22                                                      07/10/2023  16:22:13  PAGE 41


  C:0C8FH         LINE#         152
  C:0C92H         LINE#         153
  C:0C92H         LINE#         154
  C:0CA1H         LINE#         155
  C:0CACH         LINE#         156
  C:0CB6H         LINE#         157
  C:0CC8H         LINE#         160
  C:0CD7H         LINE#         161
  C:0CE6H         LINE#         162
  C:0CF1H         LINE#         164
  C:0CF5H         LINE#         165
  C:0CF7H         LINE#         166
  C:0CF9H         LINE#         167
  -------         ENDPROC       _EVENT_ADD_HEAD
  -------         PROC          FIND_FREE_DES
  -------         DO            
  D:0007H         SYMBOL        i
  -------         ENDDO         
  C:1997H         LINE#         172
  C:1997H         LINE#         173
  C:1997H         LINE#         175
  C:1999H         LINE#         176
  C:1999H         LINE#         177
  C:19ABH         LINE#         178
  C:19ABH         LINE#         179
  C:19BBH         LINE#         180
  C:19BCH         LINE#         181
  C:19BCH         LINE#         182
  C:19C0H         LINE#         183
  C:19C2H         LINE#         184
  -------         ENDPROC       FIND_FREE_DES
  -------         PROC          EVENT_DES_INIT
  -------         DO            
  D:0007H         SYMBOL        i
  -------         ENDDO         
  C:14B5H         LINE#         186
  C:14B5H         LINE#         187
  C:14B5H         LINE#         191
  C:14B7H         LINE#         192
  C:14B7H         LINE#         193
  C:14CEH         LINE#         194
  C:14DFH         LINE#         195
  C:14EFH         LINE#         196
  C:14F3H         LINE#         199
  C:14FFH         LINE#         200
  C:1505H         LINE#         201
  C:1508H         LINE#         202
  C:150EH         LINE#         203
  -------         ENDPROC       EVENT_DES_INIT
  -------         ENDMOD        EVENT

  -------         MODULE        ?C?COPY
  C:00E6H         PUBLIC        ?C?COPY
  -------         ENDMOD        ?C?COPY

  -------         MODULE        ?C?CSTOPTR
  C:010CH         PUBLIC        ?C?CSTOPTR
BL51 BANKED LINKER/LOCATER V6.22                                                      07/10/2023  16:22:13  PAGE 42


  -------         ENDMOD        ?C?CSTOPTR

  -------         MODULE        ?C?LMUL
  C:012EH         PUBLIC        ?C?LMUL
  -------         ENDMOD        ?C?LMUL

  -------         MODULE        ?C?LOR
  C:017DH         PUBLIC        ?C?LOR
  -------         ENDMOD        ?C?LOR

  -------         MODULE        ?C?ULCMP
  C:018AH         PUBLIC        ?C?ULCMP
  -------         ENDMOD        ?C?ULCMP

  -------         MODULE        ?C?ULSHR
  C:019BH         PUBLIC        ?C?ULSHR
  -------         ENDMOD        ?C?ULSHR

  -------         MODULE        ?C?LSHL
  C:01AEH         PUBLIC        ?C?LSHL
  -------         ENDMOD        ?C?LSHL

  -------         MODULE        ?C?LLDXDATA
  C:01C1H         PUBLIC        ?C?LLDXDATA
  -------         ENDMOD        ?C?LLDXDATA

  -------         MODULE        ?C?LLDCODE
  C:01CDH         PUBLIC        ?C?LLDCODE
  -------         ENDMOD        ?C?LLDCODE

  -------         MODULE        ?C?LSTXDATA
  C:01DDH         PUBLIC        ?C?LSTXDATA
  -------         ENDMOD        ?C?LSTXDATA

  -------         MODULE        ?C?OFFXADD
  C:01E9H         PUBLIC        ?C?OFFXADD
  -------         ENDMOD        ?C?OFFXADD

  -------         MODULE        ?C?PLDXDATA
  C:01F5H         PUBLIC        ?C?PLDXDATA
  -------         ENDMOD        ?C?PLDXDATA

  -------         MODULE        ?C?PSTXDATA
  C:01FEH         PUBLIC        ?C?PSTXDATA
  -------         ENDMOD        ?C?PSTXDATA

  -------         MODULE        ?C?CCASE
  C:0207H         PUBLIC        ?C?CCASE
  -------         ENDMOD        ?C?CCASE

  -------         MODULE        ?C?LCASE
  C:022DH         PUBLIC        ?C?LCASE
  -------         ENDMOD        ?C?LCASE

  -------         MODULE        ?C?MEMSET
  C:0267H         PUBLIC        ?C?MEMSET
  -------         ENDMOD        ?C?MEMSET
BL51 BANKED LINKER/LOCATER V6.22                                                      07/10/2023  16:22:13  PAGE 43



Program Size: data=82.3 xdata=311 code=7102
LINK/LOCATE RUN COMPLETE.  0 WARNING(S),  0 ERROR(S)
